Archive member included to satisfy reference by file (symbol)

C:\Users\Francesco Olivieri\Documents\ST-Libraries\STM32CubeExpansion_Crypto_V4.1.0\Middlewares\ST\STM32_Cryptographic\lib\libSTM32Cryptographic_CM0_CM0PLUS.a(cmox_cipher.c.o)
                              ./Core/Src/message_handler.o (cmox_aead_decrypt)
C:\Users\Francesco Olivieri\Documents\ST-Libraries\STM32CubeExpansion_Crypto_V4.1.0\Middlewares\ST\STM32_Cryptographic\lib\libSTM32Cryptographic_CM0_CM0PLUS.a(cmox_gcm_fast_aesfast_decrypt.c.o)
                              ./Core/Src/message_handler.o (CMOX_AESFAST_GCMFAST_DEC_ALGO)
C:\Users\Francesco Olivieri\Documents\ST-Libraries\STM32CubeExpansion_Crypto_V4.1.0\Middlewares\ST\STM32_Cryptographic\lib\libSTM32Cryptographic_CM0_CM0PLUS.a(cmox_gcm_fast_aesfast_encrypt.c.o)
                              ./Core/Src/message_handler.o (CMOX_AESFAST_GCMFAST_ENC_ALGO)
C:\Users\Francesco Olivieri\Documents\ST-Libraries\STM32CubeExpansion_Crypto_V4.1.0\Middlewares\ST\STM32_Cryptographic\lib\libSTM32Cryptographic_CM0_CM0PLUS.a(cmox_gcm_fast_common.c.o)
                              C:\Users\Francesco Olivieri\Documents\ST-Libraries\STM32CubeExpansion_Crypto_V4.1.0\Middlewares\ST\STM32_Cryptographic\lib\libSTM32Cryptographic_CM0_CM0PLUS.a(cmox_gcm_fast_aesfast_decrypt.c.o) (cmox_gcmFast_construct)
C:\Users\Francesco Olivieri\Documents\ST-Libraries\STM32CubeExpansion_Crypto_V4.1.0\Middlewares\ST\STM32_Cryptographic\lib\libSTM32Cryptographic_CM0_CM0PLUS.a(cmox_gcm_fast_decrypt.c.o)
                              C:\Users\Francesco Olivieri\Documents\ST-Libraries\STM32CubeExpansion_Crypto_V4.1.0\Middlewares\ST\STM32_Cryptographic\lib\libSTM32Cryptographic_CM0_CM0PLUS.a(cmox_gcm_fast_aesfast_decrypt.c.o) (cmox_gcmFastDecrypt_construct)
C:\Users\Francesco Olivieri\Documents\ST-Libraries\STM32CubeExpansion_Crypto_V4.1.0\Middlewares\ST\STM32_Cryptographic\lib\libSTM32Cryptographic_CM0_CM0PLUS.a(cmox_gcm_fast_encrypt.c.o)
                              C:\Users\Francesco Olivieri\Documents\ST-Libraries\STM32CubeExpansion_Crypto_V4.1.0\Middlewares\ST\STM32_Cryptographic\lib\libSTM32Cryptographic_CM0_CM0PLUS.a(cmox_gcm_fast_aesfast_encrypt.c.o) (cmox_gcmFastEncrypt_construct)
C:\Users\Francesco Olivieri\Documents\ST-Libraries\STM32CubeExpansion_Crypto_V4.1.0\Middlewares\ST\STM32_Cryptographic\lib\libSTM32Cryptographic_CM0_CM0PLUS.a(cmox_init.c.o)
                              ./Core/Src/message_handler.o (cmox_initialize)
C:\Users\Francesco Olivieri\Documents\ST-Libraries\STM32CubeExpansion_Crypto_V4.1.0\Middlewares\ST\STM32_Cryptographic\lib\libSTM32Cryptographic_CM0_CM0PLUS.a(cmox_aesfast_encrypt.c.o)
                              C:\Users\Francesco Olivieri\Documents\ST-Libraries\STM32CubeExpansion_Crypto_V4.1.0\Middlewares\ST\STM32_Cryptographic\lib\libSTM32Cryptographic_CM0_CM0PLUS.a(cmox_gcm_fast_aesfast_decrypt.c.o) (CMOX_AESFAST_ENCRYPT_VTABLE)
C:\Users\Francesco Olivieri\Documents\ST-Libraries\STM32CubeExpansion_Crypto_V4.1.0\Middlewares\ST\STM32_Cryptographic\lib\libSTM32Cryptographic_CM0_CM0PLUS.a(cmox_cipher_modes.c.o)
                              C:\Users\Francesco Olivieri\Documents\ST-Libraries\STM32CubeExpansion_Crypto_V4.1.0\Middlewares\ST\STM32_Cryptographic\lib\libSTM32Cryptographic_CM0_CM0PLUS.a(cmox_gcm_fast_common.c.o) (cmox_cipherMode_setKey)
C:\Users\Francesco Olivieri\Documents\ST-Libraries\STM32CubeExpansion_Crypto_V4.1.0\Middlewares\ST\STM32_Cryptographic\lib\libSTM32Cryptographic_CM0_CM0PLUS.a(cmox_gcm_common.c.o)
                              C:\Users\Francesco Olivieri\Documents\ST-Libraries\STM32CubeExpansion_Crypto_V4.1.0\Middlewares\ST\STM32_Cryptographic\lib\libSTM32Cryptographic_CM0_CM0PLUS.a(cmox_gcm_fast_common.c.o) (cmox_gcm_appendAD_common)
C:\Users\Francesco Olivieri\Documents\ST-Libraries\STM32CubeExpansion_Crypto_V4.1.0\Middlewares\ST\STM32_Cryptographic\lib\libSTM32Cryptographic_CM0_CM0PLUS.a(cmox_utils_compare.c.o)
                              C:\Users\Francesco Olivieri\Documents\ST-Libraries\STM32CubeExpansion_Crypto_V4.1.0\Middlewares\ST\STM32_Cryptographic\lib\libSTM32Cryptographic_CM0_CM0PLUS.a(cmox_gcm_common.c.o) (cmox_utils_robustCmp)
C:\Users\Francesco Olivieri\Documents\ST-Libraries\STM32CubeExpansion_Crypto_V4.1.0\Middlewares\ST\STM32_Cryptographic\lib\libSTM32Cryptographic_CM0_CM0PLUS.a(cmox_aes_common.c.o)
                              C:\Users\Francesco Olivieri\Documents\ST-Libraries\STM32CubeExpansion_Crypto_V4.1.0\Middlewares\ST\STM32_Cryptographic\lib\libSTM32Cryptographic_CM0_CM0PLUS.a(cmox_aesfast_encrypt.c.o) (CMOX_AES_SBOX)
c:/st/stm32cubeide_1.10.1/stm32cubeide/plugins/com.st.stm32cube.ide.mcu.externaltools.gnu-tools-for-stm32.10.3-2021.10.win32_1.0.200.202301161003/tools/bin/../lib/gcc/arm-none-eabi/10.3.1/../../../../arm-none-eabi/lib/thumb/v6-m/nofp\libc_nano.a(lib_a-aeabi_memclr.o)
[...]
Memory Configuration

Name             Origin             Length             Attributes
RAM              0x0000000020000000 0x0000000000024000 xrw
FLASH            0x0000000008000000 0x0000000000019000 xr
*default*        0x0000000000000000 0xffffffffffffffff

Linker script and memory map

LOAD c:/st/stm32cubeide_1.10.1/stm32cubeide/plugins/com.st.stm32cube.ide.mcu.externaltools.gnu-tools-for-stm32.10.3-2021.10.win32_1.0.200.202301161003/tools/bin/../lib/gcc/arm-none-eabi/10.3.1/thumb/v6-m/nofp/crti.o
LOAD c:/st/stm32cubeide_1.10.1/stm32cubeide/plugins/com.st.stm32cube.ide.mcu.externaltools.gnu-tools-for-stm32.10.3-2021.10.win32_1.0.200.202301161003/tools/bin/../lib/gcc/arm-none-eabi/10.3.1/thumb/v6-m/nofp/crtbegin.o
LOAD c:/st/stm32cubeide_1.10.1/stm32cubeide/plugins/com.st.stm32cube.ide.mcu.externaltools.gnu-tools-for-stm32.10.3-2021.10.win32_1.0.200.202301161003/tools/bin/../lib/gcc/arm-none-eabi/10.3.1/../../../../arm-none-eabi/lib/thumb/v6-m/nofp/crt0.o
LOAD ./BlueNRG-MS/Target/hci_tl_interface.o
LOAD ./Core/Src/app_bluenrg.o
LOAD ./Core/Src/cmox_low_level.o
LOAD ./Core/Src/crc.o
LOAD ./Core/Src/flash_manager.o
LOAD ./Core/Src/gpio.o
LOAD ./Core/Src/main.o
LOAD ./Core/Src/message_handler.o
LOAD ./Core/Src/rand_generator.o
LOAD ./Core/Src/service.o
LOAD ./Core/Src/stm32g0xx_hal_msp.o
LOAD ./Core/Src/stm32g0xx_it.o
LOAD ./Core/Src/stm32g0xx_nucleo_bus.o
LOAD ./Core/Src/syscalls.o
LOAD ./Core/Src/sysmem.o
LOAD ./Core/Src/system_stm32g0xx.o
LOAD ./Core/Src/tim.o
LOAD ./Core/Src/usart.o
LOAD ./Core/Startup/startup_stm32g0b1retx.o
LOAD ./Drivers/STM32G0xx_HAL_Driver/Src/stm32g0xx_hal.o
LOAD ./Drivers/STM32G0xx_HAL_Driver/Src/stm32g0xx_hal_cortex.o
LOAD ./Drivers/STM32G0xx_HAL_Driver/Src/stm32g0xx_hal_crc.o
LOAD ./Drivers/STM32G0xx_HAL_Driver/Src/stm32g0xx_hal_crc_ex.o
LOAD ./Drivers/STM32G0xx_HAL_Driver/Src/stm32g0xx_hal_dma.o
LOAD ./Drivers/STM32G0xx_HAL_Driver/Src/stm32g0xx_hal_dma_ex.o
LOAD ./Drivers/STM32G0xx_HAL_Driver/Src/stm32g0xx_hal_exti.o
LOAD ./Drivers/STM32G0xx_HAL_Driver/Src/stm32g0xx_hal_flash.o
LOAD ./Drivers/STM32G0xx_HAL_Driver/Src/stm32g0xx_hal_flash_ex.o
LOAD ./Drivers/STM32G0xx_HAL_Driver/Src/stm32g0xx_hal_gpio.o
LOAD ./Drivers/STM32G0xx_HAL_Driver/Src/stm32g0xx_hal_pwr.o
LOAD ./Drivers/STM32G0xx_HAL_Driver/Src/stm32g0xx_hal_pwr_ex.o
LOAD ./Drivers/STM32G0xx_HAL_Driver/Src/stm32g0xx_hal_rcc.o
LOAD ./Drivers/STM32G0xx_HAL_Driver/Src/stm32g0xx_hal_rcc_ex.o
LOAD ./Drivers/STM32G0xx_HAL_Driver/Src/stm32g0xx_hal_spi.o
LOAD ./Drivers/STM32G0xx_HAL_Driver/Src/stm32g0xx_hal_spi_ex.o
LOAD ./Drivers/STM32G0xx_HAL_Driver/Src/stm32g0xx_hal_tim.o
LOAD ./Drivers/STM32G0xx_HAL_Driver/Src/stm32g0xx_hal_tim_ex.o
LOAD ./Drivers/STM32G0xx_HAL_Driver/Src/stm32g0xx_hal_uart.o
LOAD ./Drivers/STM32G0xx_HAL_Driver/Src/stm32g0xx_hal_uart_ex.o
LOAD ./Drivers/STM32G0xx_HAL_Driver/Src/stm32g0xx_ll_dma.o
LOAD ./Drivers/STM32G0xx_HAL_Driver/Src/stm32g0xx_ll_rcc.o
LOAD ./Middlewares/ST/BlueNRG-MS/hci/controller/bluenrg_gap_aci.o
LOAD ./Middlewares/ST/BlueNRG-MS/hci/controller/bluenrg_gatt_aci.o
LOAD ./Middlewares/ST/BlueNRG-MS/hci/controller/bluenrg_hal_aci.o
LOAD ./Middlewares/ST/BlueNRG-MS/hci/controller/bluenrg_l2cap_aci.o
LOAD ./Middlewares/ST/BlueNRG-MS/hci/controller/bluenrg_updater_aci.o
LOAD ./Middlewares/ST/BlueNRG-MS/hci/controller/bluenrg_utils_small.o
LOAD ./Middlewares/ST/BlueNRG-MS/hci/hci_le.o
LOAD ./Middlewares/ST/BlueNRG-MS/hci/hci_tl_patterns/Basic/hci_tl.o
LOAD ./Middlewares/ST/BlueNRG-MS/utils/ble_list.o
LOAD C:\Users\Francesco Olivieri\Documents\ST-Libraries\STM32CubeExpansion_Crypto_V4.1.0\Middlewares\ST\STM32_Cryptographic\lib\libSTM32Cryptographic_CM0_CM0PLUS.a
START GROUP
LOAD c:/st/stm32cubeide_1.10.1/stm32cubeide/plugins/com.st.stm32cube.ide.mcu.externaltools.gnu-tools-for-stm32.10.3-2021.10.win32_1.0.200.202301161003/tools/bin/../lib/gcc/arm-none-eabi/10.3.1/../../../../arm-none-eabi/lib/thumb/v6-m/nofp\libc_nano.a
LOAD c:/st/stm32cubeide_1.10.1/stm32cubeide/plugins/com.st.stm32cube.ide.mcu.externaltools.gnu-tools-for-stm32.10.3-2021.10.win32_1.0.200.202301161003/tools/bin/../lib/gcc/arm-none-eabi/10.3.1/../../../../arm-none-eabi/lib/thumb/v6-m/nofp\libm.a
END GROUP
START GROUP
LOAD c:/st/stm32cubeide_1.10.1/stm32cubeide/plugins/com.st.stm32cube.ide.mcu.externaltools.gnu-tools-for-stm32.10.3-2021.10.win32_1.0.200.202301161003/tools/bin/../lib/gcc/arm-none-eabi/10.3.1/thumb/v6-m/nofp\libgcc.a
LOAD c:/st/stm32cubeide_1.10.1/stm32cubeide/plugins/com.st.stm32cube.ide.mcu.externaltools.gnu-tools-for-stm32.10.3-2021.10.win32_1.0.200.202301161003/tools/bin/../lib/gcc/arm-none-eabi/10.3.1/../../../../arm-none-eabi/lib/thumb/v6-m/nofp\libc_nano.a
END GROUP
START GROUP
LOAD c:/st/stm32cubeide_1.10.1/stm32cubeide/plugins/com.st.stm32cube.ide.mcu.externaltools.gnu-tools-for-stm32.10.3-2021.10.win32_1.0.200.202301161003/tools/bin/../lib/gcc/arm-none-eabi/10.3.1/thumb/v6-m/nofp\libgcc.a
LOAD c:/st/stm32cubeide_1.10.1/stm32cubeide/plugins/com.st.stm32cube.ide.mcu.externaltools.gnu-tools-for-stm32.10.3-2021.10.win32_1.0.200.202301161003/tools/bin/../lib/gcc/arm-none-eabi/10.3.1/../../../../arm-none-eabi/lib/thumb/v6-m/nofp\libc_nano.a
LOAD c:/st/stm32cubeide_1.10.1/stm32cubeide/plugins/com.st.stm32cube.ide.mcu.externaltools.gnu-tools-for-stm32.10.3-2021.10.win32_1.0.200.202301161003/tools/bin/../lib/gcc/arm-none-eabi/10.3.1/../../../../arm-none-eabi/lib/thumb/v6-m/nofp\libnosys.a
END GROUP
START GROUP
LOAD c:/st/stm32cubeide_1.10.1/stm32cubeide/plugins/com.st.stm32cube.ide.mcu.externaltools.gnu-tools-for-stm32.10.3-2021.10.win32_1.0.200.202301161003/tools/bin/../lib/gcc/arm-none-eabi/10.3.1/thumb/v6-m/nofp\libgcc.a
LOAD c:/st/stm32cubeide_1.10.1/stm32cubeide/plugins/com.st.stm32cube.ide.mcu.externaltools.gnu-tools-for-stm32.10.3-2021.10.win32_1.0.200.202301161003/tools/bin/../lib/gcc/arm-none-eabi/10.3.1/../../../../arm-none-eabi/lib/thumb/v6-m/nofp\libc_nano.a
LOAD c:/st/stm32cubeide_1.10.1/stm32cubeide/plugins/com.st.stm32cube.ide.mcu.externaltools.gnu-tools-for-stm32.10.3-2021.10.win32_1.0.200.202301161003/tools/bin/../lib/gcc/arm-none-eabi/10.3.1/../../../../arm-none-eabi/lib/thumb/v6-m/nofp\libnosys.a
END GROUP
LOAD c:/st/stm32cubeide_1.10.1/stm32cubeide/plugins/com.st.stm32cube.ide.mcu.externaltools.gnu-tools-for-stm32.10.3-2021.10.win32_1.0.200.202301161003/tools/bin/../lib/gcc/arm-none-eabi/10.3.1/thumb/v6-m/nofp/crtend.o
LOAD c:/st/stm32cubeide_1.10.1/stm32cubeide/plugins/com.st.stm32cube.ide.mcu.externaltools.gnu-tools-for-stm32.10.3-2021.10.win32_1.0.200.202301161003/tools/bin/../lib/gcc/arm-none-eabi/10.3.1/thumb/v6-m/nofp/crtn.o
                0x0000000020024000                _estack = (ORIGIN (RAM) + LENGTH (RAM))
                0x0000000000000200                _Min_Heap_Size = 0x200
                0x0000000000000400                _Min_Stack_Size = 0x400

.isr_vector     0x0000000008000000       0xbc
                0x0000000008000000                . = ALIGN (0x4)
 *(.isr_vector)
 .isr_vector    0x0000000008000000       0xbc ./Core/Startup/startup_stm32g0b1retx.o
                0x0000000008000000                g_pfnVectors
                0x00000000080000bc                . = ALIGN (0x4)

.text           0x00000000080000c0     0xa4e0
                0x00000000080000c0                . = ALIGN (0x4)
 *(.text)
 .text          0x00000000080000c0       0x48 c:/st/stm32cubeide_1.10.1/stm32cubeide/plugins/com.st.stm32cube.ide.mcu.externaltools.gnu-tools-for-stm32.10.3-2021.10.win32_1.0.200.202301161003/tools/bin/../lib/gcc/arm-none-eabi/10.3.1/thumb/v6-m/nofp/crtbegin.o
 .text          0x0000000008000108       0x80 C:\Users\Francesco Olivieri\Documents\ST-Libraries\STM32CubeExpansion_Crypto_V4.1.0\Middlewares\ST\STM32_Cryptographic\lib\libSTM32Cryptographic_CM0_CM0PLUS.a(cmox_cipher.c.o)
                0x0000000008000108                cmox_aead_encrypt
 .text          0x0000000008000188       0x8c C:\Users\Francesco Olivieri\Documents\ST-Libraries\STM32CubeExpansion_Crypto_V4.1.0\Middlewares\ST\STM32_Cryptographic\lib\libSTM32Cryptographic_CM0_CM0PLUS.a(cmox_cipher.c.o)
                0x0000000008000188                cmox_aead_decrypt
 .text          0x0000000008000214       0x96 C:\Users\Francesco Olivieri\Documents\ST-Libraries\STM32CubeExpansion_Crypto_V4.1.0\Middlewares\ST\STM32_Cryptographic\lib\libSTM32Cryptographic_CM0_CM0PLUS.a(cmox_cipher.c.o)
 .text          0x00000000080002aa       0x62 C:\Users\Francesco Olivieri\Documents\ST-Libraries\STM32CubeExpansion_Crypto_V4.1.0\Middlewares\ST\STM32_Cryptographic\lib\libSTM32Cryptographic_CM0_CM0PLUS.a(cmox_cipher.c.o)
                0x00000000080002aa                cmox_aead_innerEncrypt
 .text          0x000000000800030c       0x68 C:\Users\Francesco Olivieri\Documents\ST-Libraries\STM32CubeExpansion_Crypto_V4.1.0\Middlewares\ST\STM32_Cryptographic\lib\libSTM32Cryptographic_CM0_CM0PLUS.a(cmox_cipher.c.o)
                0x000000000800030c                cmox_aead_innerDecrypt
 .text          0x0000000008000374       0x98 C:\Users\Francesco Olivieri\Documents\ST-Libraries\STM32CubeExpansion_Crypto_V4.1.0\Middlewares\ST\STM32_Cryptographic\lib\libSTM32Cryptographic_CM0_CM0PLUS.a(cmox_gcm_fast_aesfast_decrypt.c.o)
 .text          0x000000000800040c       0x98 C:\Users\Francesco Olivieri\Documents\ST-Libraries\STM32CubeExpansion_Crypto_V4.1.0\Middlewares\ST\STM32_Cryptographic\lib\libSTM32Cryptographic_CM0_CM0PLUS.a(cmox_gcm_fast_aesfast_encrypt.c.o)
 .text          0x00000000080004a4      0x1c0 C:\Users\Francesco Olivieri\Documents\ST-Libraries\STM32CubeExpansion_Crypto_V4.1.0\Middlewares\ST\STM32_Cryptographic\lib\libSTM32Cryptographic_CM0_CM0PLUS.a(cmox_gcm_fast_common.c.o)
 .text          0x0000000008000664       0x24 C:\Users\Francesco Olivieri\Documents\ST-Libraries\STM32CubeExpansion_Crypto_V4.1.0\Middlewares\ST\STM32_Cryptographic\lib\libSTM32Cryptographic_CM0_CM0PLUS.a(cmox_gcm_fast_common.c.o)
                0x0000000008000664                cmox_gcmFast_cleanup
 .text          0x0000000008000688       0x24 C:\Users\Francesco Olivieri\Documents\ST-Libraries\STM32CubeExpansion_Crypto_V4.1.0\Middlewares\ST\STM32_Cryptographic\lib\libSTM32Cryptographic_CM0_CM0PLUS.a(cmox_gcm_fast_common.c.o)
                0x0000000008000688                cmox_gcmFast_init
 .text          0x00000000080006ac      0x1b8 C:\Users\Francesco Olivieri\Documents\ST-Libraries\STM32CubeExpansion_Crypto_V4.1.0\Middlewares\ST\STM32_Cryptographic\lib\libSTM32Cryptographic_CM0_CM0PLUS.a(cmox_gcm_fast_common.c.o)
                0x00000000080006ac                cmox_gcmFast_setKey
 .text          0x0000000008000864       0x70 C:\Users\Francesco Olivieri\Documents\ST-Libraries\STM32CubeExpansion_Crypto_V4.1.0\Middlewares\ST\STM32_Cryptographic\lib\libSTM32Cryptographic_CM0_CM0PLUS.a(cmox_gcm_fast_common.c.o)
                0x0000000008000864                cmox_gcmFast_setIV
 .text          0x00000000080008d4       0x30 C:\Users\Francesco Olivieri\Documents\ST-Libraries\STM32CubeExpansion_Crypto_V4.1.0\Middlewares\ST\STM32_Cryptographic\lib\libSTM32Cryptographic_CM0_CM0PLUS.a(cmox_gcm_fast_common.c.o)
                0x00000000080008d4                cmox_gcmFast_setTagLen
 .text          0x0000000008000904       0x40 C:\Users\Francesco Olivieri\Documents\ST-Libraries\STM32CubeExpansion_Crypto_V4.1.0\Middlewares\ST\STM32_Cryptographic\lib\libSTM32Cryptographic_CM0_CM0PLUS.a(cmox_gcm_fast_common.c.o)
                0x0000000008000904                cmox_gcmFast_appendAD
 .text          0x0000000008000944        0xa C:\Users\Francesco Olivieri\Documents\ST-Libraries\STM32CubeExpansion_Crypto_V4.1.0\Middlewares\ST\STM32_Cryptographic\lib\libSTM32Cryptographic_CM0_CM0PLUS.a(cmox_gcm_fast_common.c.o)
                0x0000000008000944                cmox_gcmFast_getByCipher
 .text          0x000000000800094e       0x1e C:\Users\Francesco Olivieri\Documents\ST-Libraries\STM32CubeExpansion_Crypto_V4.1.0\Middlewares\ST\STM32_Cryptographic\lib\libSTM32Cryptographic_CM0_CM0PLUS.a(cmox_gcm_fast_common.c.o)
                0x000000000800094e                cmox_gcmFast_construct
 .text          0x000000000800096c       0x14 C:\Users\Francesco Olivieri\Documents\ST-Libraries\STM32CubeExpansion_Crypto_V4.1.0\Middlewares\ST\STM32_Cryptographic\lib\libSTM32Cryptographic_CM0_CM0PLUS.a(cmox_gcm_fast_decrypt.c.o)
 .text          0x0000000008000980       0x14 C:\Users\Francesco Olivieri\Documents\ST-Libraries\STM32CubeExpansion_Crypto_V4.1.0\Middlewares\ST\STM32_Cryptographic\lib\libSTM32Cryptographic_CM0_CM0PLUS.a(cmox_gcm_fast_decrypt.c.o)
 .text          0x0000000008000994       0x14 C:\Users\Francesco Olivieri\Documents\ST-Libraries\STM32CubeExpansion_Crypto_V4.1.0\Middlewares\ST\STM32_Cryptographic\lib\libSTM32Cryptographic_CM0_CM0PLUS.a(cmox_gcm_fast_decrypt.c.o)
 .text          0x00000000080009a8       0x14 C:\Users\Francesco Olivieri\Documents\ST-Libraries\STM32CubeExpansion_Crypto_V4.1.0\Middlewares\ST\STM32_Cryptographic\lib\libSTM32Cryptographic_CM0_CM0PLUS.a(cmox_gcm_fast_decrypt.c.o)
 .text          0x00000000080009bc       0x14 C:\Users\Francesco Olivieri\Documents\ST-Libraries\STM32CubeExpansion_Crypto_V4.1.0\Middlewares\ST\STM32_Cryptographic\lib\libSTM32Cryptographic_CM0_CM0PLUS.a(cmox_gcm_fast_decrypt.c.o)
 .text          0x00000000080009d0       0x14 C:\Users\Francesco Olivieri\Documents\ST-Libraries\STM32CubeExpansion_Crypto_V4.1.0\Middlewares\ST\STM32_Cryptographic\lib\libSTM32Cryptographic_CM0_CM0PLUS.a(cmox_gcm_fast_decrypt.c.o)
 .text          0x00000000080009e4       0x44 C:\Users\Francesco Olivieri\Documents\ST-Libraries\STM32CubeExpansion_Crypto_V4.1.0\Middlewares\ST\STM32_Cryptographic\lib\libSTM32Cryptographic_CM0_CM0PLUS.a(cmox_gcm_fast_decrypt.c.o)
 .text          0x0000000008000a28       0x3c C:\Users\Francesco Olivieri\Documents\ST-Libraries\STM32CubeExpansion_Crypto_V4.1.0\Middlewares\ST\STM32_Cryptographic\lib\libSTM32Cryptographic_CM0_CM0PLUS.a(cmox_gcm_fast_decrypt.c.o)
 .text          0x0000000008000a64       0x20 C:\Users\Francesco Olivieri\Documents\ST-Libraries\STM32CubeExpansion_Crypto_V4.1.0\Middlewares\ST\STM32_Cryptographic\lib\libSTM32Cryptographic_CM0_CM0PLUS.a(cmox_gcm_fast_decrypt.c.o)
                0x0000000008000a64                cmox_gcmFastDecrypt_construct
 .text          0x0000000008000a84       0x14 C:\Users\Francesco Olivieri\Documents\ST-Libraries\STM32CubeExpansion_Crypto_V4.1.0\Middlewares\ST\STM32_Cryptographic\lib\libSTM32Cryptographic_CM0_CM0PLUS.a(cmox_gcm_fast_encrypt.c.o)
 .text          0x0000000008000a98       0x14 C:\Users\Francesco Olivieri\Documents\ST-Libraries\STM32CubeExpansion_Crypto_V4.1.0\Middlewares\ST\STM32_Cryptographic\lib\libSTM32Cryptographic_CM0_CM0PLUS.a(cmox_gcm_fast_encrypt.c.o)
 .text          0x0000000008000aac       0x14 C:\Users\Francesco Olivieri\Documents\ST-Libraries\STM32CubeExpansion_Crypto_V4.1.0\Middlewares\ST\STM32_Cryptographic\lib\libSTM32Cryptographic_CM0_CM0PLUS.a(cmox_gcm_fast_encrypt.c.o)
 .text          0x0000000008000ac0       0x14 C:\Users\Francesco Olivieri\Documents\ST-Libraries\STM32CubeExpansion_Crypto_V4.1.0\Middlewares\ST\STM32_Cryptographic\lib\libSTM32Cryptographic_CM0_CM0PLUS.a(cmox_gcm_fast_encrypt.c.o)
 .text          0x0000000008000ad4       0x14 C:\Users\Francesco Olivieri\Documents\ST-Libraries\STM32CubeExpansion_Crypto_V4.1.0\Middlewares\ST\STM32_Cryptographic\lib\libSTM32Cryptographic_CM0_CM0PLUS.a(cmox_gcm_fast_encrypt.c.o)
 .text          0x0000000008000ae8       0x14 C:\Users\Francesco Olivieri\Documents\ST-Libraries\STM32CubeExpansion_Crypto_V4.1.0\Middlewares\ST\STM32_Cryptographic\lib\libSTM32Cryptographic_CM0_CM0PLUS.a(cmox_gcm_fast_encrypt.c.o)
 .text          0x0000000008000afc       0x44 C:\Users\Francesco Olivieri\Documents\ST-Libraries\STM32CubeExpansion_Crypto_V4.1.0\Middlewares\ST\STM32_Cryptographic\lib\libSTM32Cryptographic_CM0_CM0PLUS.a(cmox_gcm_fast_encrypt.c.o)
 .text          0x0000000008000b40       0x3c C:\Users\Francesco Olivieri\Documents\ST-Libraries\STM32CubeExpansion_Crypto_V4.1.0\Middlewares\ST\STM32_Cryptographic\lib\libSTM32Cryptographic_CM0_CM0PLUS.a(cmox_gcm_fast_encrypt.c.o)
 .text          0x0000000008000b7c       0x20 C:\Users\Francesco Olivieri\Documents\ST-Libraries\STM32CubeExpansion_Crypto_V4.1.0\Middlewares\ST\STM32_Cryptographic\lib\libSTM32Cryptographic_CM0_CM0PLUS.a(cmox_gcm_fast_encrypt.c.o)
                0x0000000008000b7c                cmox_gcmFastEncrypt_construct
 .text          0x0000000008000b9c       0x28 C:\Users\Francesco Olivieri\Documents\ST-Libraries\STM32CubeExpansion_Crypto_V4.1.0\Middlewares\ST\STM32_Cryptographic\lib\libSTM32Cryptographic_CM0_CM0PLUS.a(cmox_init.c.o)
                0x0000000008000b9c                cmox_initialize
 .text          0x0000000008000bc4      0x2dc C:\Users\Francesco Olivieri\Documents\ST-Libraries\STM32CubeExpansion_Crypto_V4.1.0\Middlewares\ST\STM32_Cryptographic\lib\libSTM32Cryptographic_CM0_CM0PLUS.a(cmox_aesfast_encrypt.c.o)
 .text          0x0000000008000ea0      0x3c0 C:\Users\Francesco Olivieri\Documents\ST-Libraries\STM32CubeExpansion_Crypto_V4.1.0\Middlewares\ST\STM32_Cryptographic\lib\libSTM32Cryptographic_CM0_CM0PLUS.a(cmox_cipher_modes.c.o)
                0x0000000008000ea0                cmox_cipherMode_setKey
 .text          0x0000000008001260        0x6 C:\Users\Francesco Olivieri\Documents\ST-Libraries\STM32CubeExpansion_Crypto_V4.1.0\Middlewares\ST\STM32_Cryptographic\lib\libSTM32Cryptographic_CM0_CM0PLUS.a(cmox_cipher_modes.c.o)
                0x0000000008001260                cmox_cipher_setPayloadLen_empty
 .text          0x0000000008001266        0x6 C:\Users\Francesco Olivieri\Documents\ST-Libraries\STM32CubeExpansion_Crypto_V4.1.0\Middlewares\ST\STM32_Cryptographic\lib\libSTM32Cryptographic_CM0_CM0PLUS.a(cmox_cipher_modes.c.o)
                0x0000000008001266                cmox_cipher_setADLen_empty
 .text          0x000000000800126c        0x8 C:\Users\Francesco Olivieri\Documents\ST-Libraries\STM32CubeExpansion_Crypto_V4.1.0\Middlewares\ST\STM32_Cryptographic\lib\libSTM32Cryptographic_CM0_CM0PLUS.a(cmox_cipher_modes.c.o)
                0x000000000800126c                cmox_cipher_generateTag_empty
 .text          0x0000000008001274        0x8 C:\Users\Francesco Olivieri\Documents\ST-Libraries\STM32CubeExpansion_Crypto_V4.1.0\Middlewares\ST\STM32_Cryptographic\lib\libSTM32Cryptographic_CM0_CM0PLUS.a(cmox_cipher_modes.c.o)
                0x0000000008001274                cmox_cipher_verifyTag_empty
 .text          0x000000000800127c        0x8 C:\Users\Francesco Olivieri\Documents\ST-Libraries\STM32CubeExpansion_Crypto_V4.1.0\Middlewares\ST\STM32_Cryptographic\lib\libSTM32Cryptographic_CM0_CM0PLUS.a(cmox_cipher_modes.c.o)
 .text          0x0000000008001284       0x24 C:\Users\Francesco Olivieri\Documents\ST-Libraries\STM32CubeExpansion_Crypto_V4.1.0\Middlewares\ST\STM32_Cryptographic\lib\libSTM32Cryptographic_CM0_CM0PLUS.a(cmox_gcm_common.c.o)
                0x0000000008001284                poly_xor
 .text          0x00000000080012a8       0x12 C:\Users\Francesco Olivieri\Documents\ST-Libraries\STM32CubeExpansion_Crypto_V4.1.0\Middlewares\ST\STM32_Cryptographic\lib\libSTM32Cryptographic_CM0_CM0PLUS.a(cmox_gcm_common.c.o)
                0x00000000080012a8                poly_copy
 .text          0x00000000080012ba       0x3a C:\Users\Francesco Olivieri\Documents\ST-Libraries\STM32CubeExpansion_Crypto_V4.1.0\Middlewares\ST\STM32_Cryptographic\lib\libSTM32Cryptographic_CM0_CM0PLUS.a(cmox_gcm_common.c.o)
                0x00000000080012ba                gfmul_x
 .text          0x00000000080012f4       0x40 C:\Users\Francesco Olivieri\Documents\ST-Libraries\STM32CubeExpansion_Crypto_V4.1.0\Middlewares\ST\STM32_Cryptographic\lib\libSTM32Cryptographic_CM0_CM0PLUS.a(cmox_gcm_common.c.o)
                0x00000000080012f4                gfmul_x4
 .text          0x0000000008001334       0x48 C:\Users\Francesco Olivieri\Documents\ST-Libraries\STM32CubeExpansion_Crypto_V4.1.0\Middlewares\ST\STM32_Cryptographic\lib\libSTM32Cryptographic_CM0_CM0PLUS.a(cmox_gcm_common.c.o)
                0x0000000008001354                cmox_gcm_initCommon
 .text          0x000000000800137c      0x12a C:\Users\Francesco Olivieri\Documents\ST-Libraries\STM32CubeExpansion_Crypto_V4.1.0\Middlewares\ST\STM32_Cryptographic\lib\libSTM32Cryptographic_CM0_CM0PLUS.a(cmox_gcm_common.c.o)
                0x000000000800137c                cmox_gcm_appendAD_common
 .text          0x00000000080014a6       0x62 C:\Users\Francesco Olivieri\Documents\ST-Libraries\STM32CubeExpansion_Crypto_V4.1.0\Middlewares\ST\STM32_Cryptographic\lib\libSTM32Cryptographic_CM0_CM0PLUS.a(cmox_gcm_common.c.o)
 .text          0x0000000008001508      0x24c C:\Users\Francesco Olivieri\Documents\ST-Libraries\STM32CubeExpansion_Crypto_V4.1.0\Middlewares\ST\STM32_Cryptographic\lib\libSTM32Cryptographic_CM0_CM0PLUS.a(cmox_gcm_common.c.o)
                0x0000000008001508                cmox_gcm_encrypt_common
 .text          0x0000000008001754       0xa8 C:\Users\Francesco Olivieri\Documents\ST-Libraries\STM32CubeExpansion_Crypto_V4.1.0\Middlewares\ST\STM32_Cryptographic\lib\libSTM32Cryptographic_CM0_CM0PLUS.a(cmox_gcm_common.c.o)
                0x0000000008001754                cmox_gcm_generateTag_common
 .text          0x00000000080017fc      0x244 C:\Users\Francesco Olivieri\Documents\ST-Libraries\STM32CubeExpansion_Crypto_V4.1.0\Middlewares\ST\STM32_Cryptographic\lib\libSTM32Cryptographic_CM0_CM0PLUS.a(cmox_gcm_common.c.o)
                0x00000000080017fc                cmox_gcm_decrypt_common
 .text          0x0000000008001a40       0x74 C:\Users\Francesco Olivieri\Documents\ST-Libraries\STM32CubeExpansion_Crypto_V4.1.0\Middlewares\ST\STM32_Cryptographic\lib\libSTM32Cryptographic_CM0_CM0PLUS.a(cmox_gcm_common.c.o)
                0x0000000008001a40                cmox_gcm_decrypt_verify_common
 .text          0x0000000008001ab4       0x3c C:\Users\Francesco Olivieri\Documents\ST-Libraries\STM32CubeExpansion_Crypto_V4.1.0\Middlewares\ST\STM32_Cryptographic\lib\libSTM32Cryptographic_CM0_CM0PLUS.a(cmox_utils_compare.c.o)
 .text          0x0000000008001af0       0x38 C:\Users\Francesco Olivieri\Documents\ST-Libraries\STM32CubeExpansion_Crypto_V4.1.0\Middlewares\ST\STM32_Cryptographic\lib\libSTM32Cryptographic_CM0_CM0PLUS.a(cmox_utils_compare.c.o)
 .text          0x0000000008001b28       0xa0 C:\Users\Francesco Olivieri\Documents\ST-Libraries\STM32CubeExpansion_Crypto_V4.1.0\Middlewares\ST\STM32_Cryptographic\lib\libSTM32Cryptographic_CM0_CM0PLUS.a(cmox_utils_compare.c.o)
 .text          0x0000000008001bc8       0x9e C:\Users\Francesco Olivieri\Documents\ST-Libraries\STM32CubeExpansion_Crypto_V4.1.0\Middlewares\ST\STM32_Cryptographic\lib\libSTM32Cryptographic_CM0_CM0PLUS.a(cmox_utils_compare.c.o)
 *fill*         0x0000000008001c66        0x2 
 .text          0x0000000008001c68       0xe4 C:\Users\Francesco Olivieri\Documents\ST-Libraries\STM32CubeExpansion_Crypto_V4.1.0\Middlewares\ST\STM32_Cryptographic\lib\libSTM32Cryptographic_CM0_CM0PLUS.a(cmox_utils_compare.c.o)
                0x0000000008001c74                cmox_utils_robustCmp
 .text          0x0000000008001d4c      0x120 C:\Users\Francesco Olivieri\Documents\ST-Libraries\STM32CubeExpansion_Crypto_V4.1.0\Middlewares\ST\STM32_Cryptographic\lib\libSTM32Cryptographic_CM0_CM0PLUS.a(cmox_aes_common.c.o)
                0x0000000008001d4c                cmox_aesSmall_keySchedule
 .text          0x0000000008001e6c        0xe c:/st/stm32cubeide_1.10.1/stm32cubeide/plugins/com.st.stm32cube.ide.mcu.externaltools.gnu-tools-for-stm32.10.3-2021.10.win32_1.0.200.202301161003/tools/bin/../lib/gcc/arm-none-eabi/10.3.1/../../../../arm-none-eabi/lib/thumb/v6-m/nofp\libc_nano.a(lib_a-strlen.o)
                0x0000000008001e6c                strlen
 *fill*         0x0000000008001e7a        0x2 
 .text          0x0000000008001e7c       0x14 c:/st/stm32cubeide_1.10.1/stm32cubeide/plugins/com.st.stm32cube.ide.mcu.externaltools.gnu-tools-for-stm32.10.3-2021.10.win32_1.0.200.202301161003/tools/bin/../lib/gcc/arm-none-eabi/10.3.1/thumb/v6-m/nofp\libgcc.a(_thumb1_case_shi.o)
                0x0000000008001e7c                __gnu_thumb1_case_shi
 .text          0x0000000008001e90      0x114 c:/st/stm32cubeide_1.10.1/stm32cubeide/plugins/com.st.stm32cube.ide.mcu.externaltools.gnu-tools-for-stm32.10.3-2021.10.win32_1.0.200.202301161003/tools/bin/../lib/gcc/arm-none-eabi/10.3.1/thumb/v6-m/nofp\libgcc.a(_udivsi3.o)
                0x0000000008001e90                __aeabi_uidiv
                0x0000000008001e90                __udivsi3
                0x0000000008001f9c                __aeabi_uidivmod
 .text          0x0000000008001fa4      0x1d4 c:/st/stm32cubeide_1.10.1/stm32cubeide/plugins/com.st.stm32cube.ide.mcu.externaltools.gnu-tools-for-stm32.10.3-2021.10.win32_1.0.200.202301161003/tools/bin/../lib/gcc/arm-none-eabi/10.3.1/thumb/v6-m/nofp\libgcc.a(_divsi3.o)
                0x0000000008001fa4                __divsi3
                0x0000000008001fa4                __aeabi_idiv
                0x0000000008002170                __aeabi_idivmod
 .text          0x0000000008002178        0x4 c:/st/stm32cubeide_1.10.1/stm32cubeide/plugins/com.st.stm32cube.ide.mcu.externaltools.gnu-tools-for-stm32.10.3-2021.10.win32_1.0.200.202301161003/tools/bin/../lib/gcc/arm-none-eabi/10.3.1/thumb/v6-m/nofp\libgcc.a(_dvmd_tls.o)
                0x0000000008002178                __aeabi_idiv0
                0x0000000008002178                __aeabi_ldiv0
 .text          0x000000000800217c       0x40 c:/st/stm32cubeide_1.10.1/stm32cubeide/plugins/com.st.stm32cube.ide.mcu.externaltools.gnu-tools-for-stm32.10.3-2021.10.win32_1.0.200.202301161003/tools/bin/../lib/gcc/arm-none-eabi/10.3.1/thumb/v6-m/nofp\libgcc.a(_aeabi_uldivmod.o)
                0x000000000800217c                __aeabi_uldivmod
 .text          0x00000000080021bc      0x198 c:/st/stm32cubeide_1.10.1/stm32cubeide/plugins/com.st.stm32cube.ide.mcu.externaltools.gnu-tools-for-stm32.10.3-2021.10.win32_1.0.200.202301161003/tools/bin/../lib/gcc/arm-none-eabi/10.3.1/thumb/v6-m/nofp\libgcc.a(_udivmoddi4.o)
                0x00000000080021bc                __udivmoddi4
 .text          0x0000000008002354       0x18 c:/st/stm32cubeide_1.10.1/stm32cubeide/plugins/com.st.stm32cube.ide.mcu.externaltools.gnu-tools-for-stm32.10.3-2021.10.win32_1.0.200.202301161003/tools/bin/../lib/gcc/arm-none-eabi/10.3.1/thumb/v6-m/nofp\libgcc.a(_clzdi2.o)
                0x0000000008002354                __clzdi2
 .text          0x000000000800236c       0x3c c:/st/stm32cubeide_1.10.1/stm32cubeide/plugins/com.st.stm32cube.ide.mcu.externaltools.gnu-tools-for-stm32.10.3-2021.10.win32_1.0.200.202301161003/tools/bin/../lib/gcc/arm-none-eabi/10.3.1/thumb/v6-m/nofp\libgcc.a(_clzsi2.o)
                0x000000000800236c                __clzsi2
 *(.text*)
 .text.HCI_TL_SPI_Init
                0x00000000080023a8       0xac ./BlueNRG-MS/Target/hci_tl_interface.o
                0x00000000080023a8                HCI_TL_SPI_Init
 .text.HCI_TL_SPI_DeInit
                0x0000000008002454       0x34 ./BlueNRG-MS/Target/hci_tl_interface.o
                0x0000000008002454                HCI_TL_SPI_DeInit
 .text.HCI_TL_SPI_Reset
                0x0000000008002488       0x46 ./BlueNRG-MS/Target/hci_tl_interface.o
                0x0000000008002488                HCI_TL_SPI_Reset
 *fill*         0x00000000080024ce        0x2 
 .text.HCI_TL_SPI_Receive
                0x00000000080024d0       0xf0 ./BlueNRG-MS/Target/hci_tl_interface.o
                0x00000000080024d0                HCI_TL_SPI_Receive
 .text.HCI_TL_SPI_Send
                0x00000000080025c0       0xb8 ./BlueNRG-MS/Target/hci_tl_interface.o
                0x00000000080025c0                HCI_TL_SPI_Send
 .text.IsDataAvailable
                0x0000000008002678       0x20 ./BlueNRG-MS/Target/hci_tl_interface.o
 .text.hci_tl_lowlevel_init
                0x0000000008002698       0x84 ./BlueNRG-MS/Target/hci_tl_interface.o
                0x0000000008002698                hci_tl_lowlevel_init
 .text.hci_tl_lowlevel_isr
                0x000000000800271c       0x20 ./BlueNRG-MS/Target/hci_tl_interface.o
                0x000000000800271c                hci_tl_lowlevel_isr
 .text.BlueNRG_Init
                0x000000000800273c      0x180 ./Core/Src/app_bluenrg.o
                0x000000000800273c                BlueNRG_Init
 .text.BlueNRG_Process
                0x00000000080028bc       0x24 ./Core/Src/app_bluenrg.o
                0x00000000080028bc                BlueNRG_Process
 .text.Enable_Advertising
                0x00000000080028e0       0x50 ./Core/Src/app_bluenrg.o
                0x00000000080028e0                Enable_Advertising
 .text.cmox_ll_init
                0x0000000008002930       0x44 ./Core/Src/cmox_low_level.o
                0x0000000008002930                cmox_ll_init
 .text.MX_CRC_Init
                0x0000000008002974       0x48 ./Core/Src/crc.o
                0x0000000008002974                MX_CRC_Init
 .text.HAL_CRC_MspInit
                0x00000000080029bc       0x40 ./Core/Src/crc.o
                0x00000000080029bc                HAL_CRC_MspInit
 .text.Write_FW_to_flash
                0x00000000080029fc       0xac ./Core/Src/flash_manager.o
                0x00000000080029fc                Write_FW_to_flash
 .text.Erase_Application_Memory
                0x0000000008002aa8       0x9c ./Core/Src/flash_manager.o
                0x0000000008002aa8                Erase_Application_Memory
 .text.go2App   0x0000000008002b44       0x50 ./Core/Src/flash_manager.o
                0x0000000008002b44                go2App
 .text.MX_GPIO_Init
                0x0000000008002b94      0x114 ./Core/Src/gpio.o
                0x0000000008002b94                MX_GPIO_Init
 .text.__io_putchar
                0x0000000008002ca8       0x24 ./Core/Src/main.o
                0x0000000008002ca8                __io_putchar
 .text.main     0x0000000008002ccc       0x70 ./Core/Src/main.o
                0x0000000008002ccc                main
 .text.SystemClock_Config
                0x0000000008002d3c       0xbc ./Core/Src/main.o
                0x0000000008002d3c                SystemClock_Config
 .text.Error_Handler
                0x0000000008002df8        0xa ./Core/Src/main.o
                0x0000000008002df8                Error_Handler
 *fill*         0x0000000008002e02        0x2 
 .text.data_handler
                0x0000000008002e04      0x5e8 ./Core/Src/message_handler.o
                0x0000000008002e04                data_handler
 .text.verify_data_type
                0x00000000080033ec      0x118 ./Core/Src/message_handler.o
                0x00000000080033ec                verify_data_type
 .text.send_ack
                0x0000000008003504      0x1c4 ./Core/Src/message_handler.o
                0x0000000008003504                send_ack
 .text.sum_payload
                0x00000000080036c8       0x62 ./Core/Src/message_handler.o
                0x00000000080036c8                sum_payload
 *fill*         0x000000000800372a        0x2 
 .text.init_crypto
                0x000000000800372c       0x20 ./Core/Src/message_handler.o
                0x000000000800372c                init_crypto
 .text.decrypt_data
                0x000000000800374c      0x234 ./Core/Src/message_handler.o
                0x000000000800374c                decrypt_data
 .text.encrypt_data
                0x0000000008003980      0x1a8 ./Core/Src/message_handler.o
                0x0000000008003980                encrypt_data
 .text.init_rand_generator
                0x0000000008003b28       0x20 ./Core/Src/rand_generator.o
                0x0000000008003b28                init_rand_generator
 .text.get_rand_byte
                0x0000000008003b48       0x94 ./Core/Src/rand_generator.o
                0x0000000008003b48                get_rand_byte
 .text.add_FW_Update_Service
                0x0000000008003bdc      0x118 ./Core/Src/service.o
                0x0000000008003bdc                add_FW_Update_Service
 .text.Update_TX_Char
                0x0000000008003cf4       0x98 ./Core/Src/service.o
                0x0000000008003cf4                Update_TX_Char
 .text.GAP_ConnectionComplete_CB
                0x0000000008003d8c       0x80 ./Core/Src/service.o
                0x0000000008003d8c                GAP_ConnectionComplete_CB
 .text.GAP_DisconnectionComplete_CB
                0x0000000008003e0c       0xc0 ./Core/Src/service.o
                0x0000000008003e0c                GAP_DisconnectionComplete_CB
 .text.Attribute_Modified_CB
                0x0000000008003ecc       0x64 ./Core/Src/service.o
                0x0000000008003ecc                Attribute_Modified_CB
 .text.HCI_Event_CB
                0x0000000008003f30      0x10c ./Core/Src/service.o
                0x0000000008003f30                HCI_Event_CB
 .text.HAL_MspInit
                0x000000000800403c       0x48 ./Core/Src/stm32g0xx_hal_msp.o
                0x000000000800403c                HAL_MspInit
 .text.NMI_Handler
                0x0000000008004084        0x6 ./Core/Src/stm32g0xx_it.o
                0x0000000008004084                NMI_Handler
 .text.HardFault_Handler
                0x000000000800408a        0x6 ./Core/Src/stm32g0xx_it.o
                0x000000000800408a                HardFault_Handler
 .text.SVC_Handler
                0x0000000008004090        0xa ./Core/Src/stm32g0xx_it.o
                0x0000000008004090                SVC_Handler
 .text.PendSV_Handler
                0x000000000800409a        0xa ./Core/Src/stm32g0xx_it.o
                0x000000000800409a                PendSV_Handler
 .text.SysTick_Handler
                0x00000000080040a4        0xe ./Core/Src/stm32g0xx_it.o
                0x00000000080040a4                SysTick_Handler
 *fill*         0x00000000080040b2        0x2 
 .text.EXTI0_1_IRQHandler
                0x00000000080040b4       0x18 ./Core/Src/stm32g0xx_it.o
                0x00000000080040b4                EXTI0_1_IRQHandler
 .text.BSP_SPI1_Init
                0x00000000080040cc       0x60 ./Core/Src/stm32g0xx_nucleo_bus.o
                0x00000000080040cc                BSP_SPI1_Init
 .text.BSP_SPI1_SendRecv
                0x000000000800412c       0x40 ./Core/Src/stm32g0xx_nucleo_bus.o
                0x000000000800412c                BSP_SPI1_SendRecv
 .text.BSP_GetTick
                0x000000000800416c       0x10 ./Core/Src/stm32g0xx_nucleo_bus.o
                0x000000000800416c                BSP_GetTick
 .text.MX_SPI1_Init
                0x000000000800417c       0x90 ./Core/Src/stm32g0xx_nucleo_bus.o
                0x000000000800417c                MX_SPI1_Init
 .text.SPI1_MspInit
                0x000000000800420c       0xec ./Core/Src/stm32g0xx_nucleo_bus.o
 .text._read    0x00000000080042f8       0x3a ./Core/Src/syscalls.o
                0x00000000080042f8                _read
 .text._write   0x0000000008004332       0x38 ./Core/Src/syscalls.o
                0x0000000008004332                _write
 .text._close   0x000000000800436a       0x14 ./Core/Src/syscalls.o
                0x000000000800436a                _close
 .text._fstat   0x000000000800437e       0x1c ./Core/Src/syscalls.o
                0x000000000800437e                _fstat
 .text._isatty  0x000000000800439a       0x12 ./Core/Src/syscalls.o
                0x000000000800439a                _isatty
 .text._lseek   0x00000000080043ac       0x16 ./Core/Src/syscalls.o
                0x00000000080043ac                _lseek
 *fill*         0x00000000080043c2        0x2 
 .text._sbrk    0x00000000080043c4       0x6c ./Core/Src/sysmem.o
                0x00000000080043c4                _sbrk
 .text.SystemInit
                0x0000000008004430        0xa ./Core/Src/system_stm32g0xx.o
                0x0000000008004430                SystemInit
 *fill*         0x000000000800443a        0x2 
 .text.MX_TIM1_Init
                0x000000000800443c       0xb8 ./Core/Src/tim.o
                0x000000000800443c                MX_TIM1_Init
 .text.HAL_TIM_Base_MspInit
                0x00000000080044f4       0x6c ./Core/Src/tim.o
                0x00000000080044f4                HAL_TIM_Base_MspInit
 .text.MX_USART2_UART_Init
                0x0000000008004560       0x9c ./Core/Src/usart.o
                0x0000000008004560                MX_USART2_UART_Init
 .text.HAL_UART_MspInit
                0x00000000080045fc       0xc0 ./Core/Src/usart.o
                0x00000000080045fc                HAL_UART_MspInit
 .text.Reset_Handler
                0x00000000080046bc       0x50 ./Core/Startup/startup_stm32g0b1retx.o
                0x00000000080046bc                Reset_Handler
 .text.Default_Handler
                0x000000000800470c        0x2 ./Core/Startup/startup_stm32g0b1retx.o
                0x000000000800470c                I2C2_3_IRQHandler
                0x000000000800470c                USART3_4_5_6_LPUART1_IRQHandler
                0x000000000800470c                TIM1_CC_IRQHandler
                0x000000000800470c                ADC1_COMP_IRQHandler
                0x000000000800470c                I2C1_IRQHandler
                0x000000000800470c                TIM7_LPTIM2_IRQHandler
                0x000000000800470c                TIM17_FDCAN_IT1_IRQHandler
                0x000000000800470c                DMA1_Ch4_7_DMA2_Ch1_5_DMAMUX1_OVR_IRQHandler
                0x000000000800470c                RCC_CRS_IRQHandler
                0x000000000800470c                RTC_TAMP_IRQHandler
                0x000000000800470c                SPI1_IRQHandler
                0x000000000800470c                USB_UCPD1_2_IRQHandler
                0x000000000800470c                EXTI2_3_IRQHandler
                0x000000000800470c                USART2_LPUART2_IRQHandler
                0x000000000800470c                PVD_VDDIO2_IRQHandler
                0x000000000800470c                EXTI4_15_IRQHandler
                0x000000000800470c                DMA1_Channel1_IRQHandler
                0x000000000800470c                Default_Handler
                0x000000000800470c                CEC_IRQHandler
                0x000000000800470c                TIM14_IRQHandler
                0x000000000800470c                TIM15_IRQHandler
                0x000000000800470c                TIM3_TIM4_IRQHandler
                0x000000000800470c                SPI2_3_IRQHandler
                0x000000000800470c                TIM6_DAC_LPTIM1_IRQHandler
                0x000000000800470c                WWDG_IRQHandler
                0x000000000800470c                TIM2_IRQHandler
                0x000000000800470c                DMA1_Channel2_3_IRQHandler
                0x000000000800470c                FLASH_IRQHandler
                0x000000000800470c                USART1_IRQHandler
                0x000000000800470c                TIM16_FDCAN_IT0_IRQHandler
                0x000000000800470c                TIM1_BRK_UP_TRG_COM_IRQHandler
 *fill*         0x000000000800470e        0x2 
 .text.HAL_Init
                0x0000000008004710       0x40 ./Drivers/STM32G0xx_HAL_Driver/Src/stm32g0xx_hal.o
                0x0000000008004710                HAL_Init
 .text.HAL_DeInit
                0x0000000008004750       0x4c ./Drivers/STM32G0xx_HAL_Driver/Src/stm32g0xx_hal.o
                0x0000000008004750                HAL_DeInit
 .text.HAL_MspDeInit
                0x000000000800479c        0xa ./Drivers/STM32G0xx_HAL_Driver/Src/stm32g0xx_hal.o
                0x000000000800479c                HAL_MspDeInit
 *fill*         0x00000000080047a6        0x2 
 .text.HAL_InitTick
                0x00000000080047a8       0x94 ./Drivers/STM32G0xx_HAL_Driver/Src/stm32g0xx_hal.o
                0x00000000080047a8                HAL_InitTick
 .text.HAL_IncTick
                0x000000000800483c       0x24 ./Drivers/STM32G0xx_HAL_Driver/Src/stm32g0xx_hal.o
                0x000000000800483c                HAL_IncTick
 .text.HAL_GetTick
                0x0000000008004860       0x14 ./Drivers/STM32G0xx_HAL_Driver/Src/stm32g0xx_hal.o
                0x0000000008004860                HAL_GetTick
 .text.HAL_Delay
                0x0000000008004874       0x48 ./Drivers/STM32G0xx_HAL_Driver/Src/stm32g0xx_hal.o
                0x0000000008004874                HAL_Delay
 .text.__NVIC_EnableIRQ
                0x00000000080048bc       0x34 ./Drivers/STM32G0xx_HAL_Driver/Src/stm32g0xx_hal_cortex.o
 .text.__NVIC_SetPriority
                0x00000000080048f0       0xdc ./Drivers/STM32G0xx_HAL_Driver/Src/stm32g0xx_hal_cortex.o
 .text.SysTick_Config
                0x00000000080049cc       0x48 ./Drivers/STM32G0xx_HAL_Driver/Src/stm32g0xx_hal_cortex.o
 .text.HAL_NVIC_SetPriority
                0x0000000008004a14       0x2a ./Drivers/STM32G0xx_HAL_Driver/Src/stm32g0xx_hal_cortex.o
                0x0000000008004a14                HAL_NVIC_SetPriority
 .text.HAL_NVIC_EnableIRQ
                0x0000000008004a3e       0x20 ./Drivers/STM32G0xx_HAL_Driver/Src/stm32g0xx_hal_cortex.o
                0x0000000008004a3e                HAL_NVIC_EnableIRQ
 .text.HAL_SYSTICK_Config
                0x0000000008004a5e       0x1a ./Drivers/STM32G0xx_HAL_Driver/Src/stm32g0xx_hal_cortex.o
                0x0000000008004a5e                HAL_SYSTICK_Config
 .text.HAL_CRC_Init
                0x0000000008004a78       0xcc ./Drivers/STM32G0xx_HAL_Driver/Src/stm32g0xx_hal_crc.o
                0x0000000008004a78                HAL_CRC_Init
 .text.HAL_CRCEx_Polynomial_Set
                0x0000000008004b44       0xda ./Drivers/STM32G0xx_HAL_Driver/Src/stm32g0xx_hal_crc_ex.o
                0x0000000008004b44                HAL_CRCEx_Polynomial_Set
 .text.HAL_EXTI_RegisterCallback
                0x0000000008004c1e       0x64 ./Drivers/STM32G0xx_HAL_Driver/Src/stm32g0xx_hal_exti.o
                0x0000000008004c1e                HAL_EXTI_RegisterCallback
 .text.HAL_EXTI_GetHandle
                0x0000000008004c82       0x24 ./Drivers/STM32G0xx_HAL_Driver/Src/stm32g0xx_hal_exti.o
                0x0000000008004c82                HAL_EXTI_GetHandle
 *fill*         0x0000000008004ca6        0x2 
 .text.HAL_EXTI_IRQHandler
                0x0000000008004ca8       0x94 ./Drivers/STM32G0xx_HAL_Driver/Src/stm32g0xx_hal_exti.o
                0x0000000008004ca8                HAL_EXTI_IRQHandler
 .text.HAL_FLASH_Program
                0x0000000008004d3c       0x9c ./Drivers/STM32G0xx_HAL_Driver/Src/stm32g0xx_hal_flash.o
                0x0000000008004d3c                HAL_FLASH_Program
 .text.HAL_FLASH_Unlock
                0x0000000008004dd8       0x48 ./Drivers/STM32G0xx_HAL_Driver/Src/stm32g0xx_hal_flash.o
                0x0000000008004dd8                HAL_FLASH_Unlock
 .text.HAL_FLASH_Lock
                0x0000000008004e20       0x38 ./Drivers/STM32G0xx_HAL_Driver/Src/stm32g0xx_hal_flash.o
                0x0000000008004e20                HAL_FLASH_Lock
 .text.HAL_FLASH_OB_Unlock
                0x0000000008004e58       0x50 ./Drivers/STM32G0xx_HAL_Driver/Src/stm32g0xx_hal_flash.o
                0x0000000008004e58                HAL_FLASH_OB_Unlock
 .text.HAL_FLASH_OB_Lock
                0x0000000008004ea8       0x3c ./Drivers/STM32G0xx_HAL_Driver/Src/stm32g0xx_hal_flash.o
                0x0000000008004ea8                HAL_FLASH_OB_Lock
 .text.FLASH_WaitForLastOperation
                0x0000000008004ee4       0x9c ./Drivers/STM32G0xx_HAL_Driver/Src/stm32g0xx_hal_flash.o
                0x0000000008004ee4                FLASH_WaitForLastOperation
 .text.FLASH_Program_DoubleWord
                0x0000000008004f80       0x40 ./Drivers/STM32G0xx_HAL_Driver/Src/stm32g0xx_hal_flash.o
 .text.HAL_FLASHEx_Erase
                0x0000000008004fc0       0xe0 ./Drivers/STM32G0xx_HAL_Driver/Src/stm32g0xx_hal_flash_ex.o
                0x0000000008004fc0                HAL_FLASHEx_Erase
 .text.FLASH_MassErase
                0x00000000080050a0       0x28 ./Drivers/STM32G0xx_HAL_Driver/Src/stm32g0xx_hal_flash_ex.o
 .text.FLASH_PageErase
                0x00000000080050c8       0x58 ./Drivers/STM32G0xx_HAL_Driver/Src/stm32g0xx_hal_flash_ex.o
                0x00000000080050c8                FLASH_PageErase
 .text.HAL_GPIO_Init
                0x0000000008005120      0x2d8 ./Drivers/STM32G0xx_HAL_Driver/Src/stm32g0xx_hal_gpio.o
                0x0000000008005120                HAL_GPIO_Init
 .text.HAL_GPIO_DeInit
                0x00000000080053f8      0x1b0 ./Drivers/STM32G0xx_HAL_Driver/Src/stm32g0xx_hal_gpio.o
                0x00000000080053f8                HAL_GPIO_DeInit
 .text.HAL_GPIO_ReadPin
                0x00000000080055a8       0x3a ./Drivers/STM32G0xx_HAL_Driver/Src/stm32g0xx_hal_gpio.o
                0x00000000080055a8                HAL_GPIO_ReadPin
 .text.HAL_GPIO_WritePin
                0x00000000080055e2       0x3a ./Drivers/STM32G0xx_HAL_Driver/Src/stm32g0xx_hal_gpio.o
                0x00000000080055e2                HAL_GPIO_WritePin
 .text.HAL_PWREx_ControlVoltageScaling
                0x000000000800561c       0x80 ./Drivers/STM32G0xx_HAL_Driver/Src/stm32g0xx_hal_pwr_ex.o
                0x000000000800561c                HAL_PWREx_ControlVoltageScaling
 .text.LL_RCC_GetAPB1Prescaler
                0x000000000800569c       0x18 ./Drivers/STM32G0xx_HAL_Driver/Src/stm32g0xx_hal_rcc.o
 .text.HAL_RCC_DeInit
                0x00000000080056b4       0xf8 ./Drivers/STM32G0xx_HAL_Driver/Src/stm32g0xx_hal_rcc.o
                0x00000000080056b4                HAL_RCC_DeInit
 .text.HAL_RCC_OscConfig
                0x00000000080057ac      0x6c0 ./Drivers/STM32G0xx_HAL_Driver/Src/stm32g0xx_hal_rcc.o
                0x00000000080057ac                HAL_RCC_OscConfig
 .text.HAL_RCC_ClockConfig
                0x0000000008005e6c      0x210 ./Drivers/STM32G0xx_HAL_Driver/Src/stm32g0xx_hal_rcc.o
                0x0000000008005e6c                HAL_RCC_ClockConfig
 .text.HAL_RCC_GetSysClockFreq
                0x000000000800607c      0x104 ./Drivers/STM32G0xx_HAL_Driver/Src/stm32g0xx_hal_rcc.o
                0x000000000800607c                HAL_RCC_GetSysClockFreq
 .text.HAL_RCC_GetHCLKFreq
                0x0000000008006180       0x14 ./Drivers/STM32G0xx_HAL_Driver/Src/stm32g0xx_hal_rcc.o
                0x0000000008006180                HAL_RCC_GetHCLKFreq
 .text.HAL_RCC_GetPCLK1Freq
                0x0000000008006194       0x2c ./Drivers/STM32G0xx_HAL_Driver/Src/stm32g0xx_hal_rcc.o
                0x0000000008006194                HAL_RCC_GetPCLK1Freq
 .text.HAL_RCCEx_PeriphCLKConfig
                0x00000000080061c0      0x478 ./Drivers/STM32G0xx_HAL_Driver/Src/stm32g0xx_hal_rcc_ex.o
                0x00000000080061c0                HAL_RCCEx_PeriphCLKConfig
 .text.HAL_SPI_Init
                0x0000000008006638      0x170 ./Drivers/STM32G0xx_HAL_Driver/Src/stm32g0xx_hal_spi.o
                0x0000000008006638                HAL_SPI_Init
 .text.HAL_SPI_MspInit
                0x00000000080067a8       0x10 ./Drivers/STM32G0xx_HAL_Driver/Src/stm32g0xx_hal_spi.o
                0x00000000080067a8                HAL_SPI_MspInit
 .text.HAL_SPI_TransmitReceive
                0x00000000080067b8      0x3a4 ./Drivers/STM32G0xx_HAL_Driver/Src/stm32g0xx_hal_spi.o
                0x00000000080067b8                HAL_SPI_TransmitReceive
 .text.HAL_SPI_GetState
                0x0000000008006b5c       0x18 ./Drivers/STM32G0xx_HAL_Driver/Src/stm32g0xx_hal_spi.o
                0x0000000008006b5c                HAL_SPI_GetState
 .text.SPI_WaitFlagStateUntilTimeout
                0x0000000008006b74      0x11c ./Drivers/STM32G0xx_HAL_Driver/Src/stm32g0xx_hal_spi.o
 .text.SPI_WaitFifoStateUntilTimeout
                0x0000000008006c90      0x144 ./Drivers/STM32G0xx_HAL_Driver/Src/stm32g0xx_hal_spi.o
 .text.SPI_EndRxTxTransaction
                0x0000000008006dd4       0x8c ./Drivers/STM32G0xx_HAL_Driver/Src/stm32g0xx_hal_spi.o
 .text.HAL_TIM_Base_Init
                0x0000000008006e60       0xb0 ./Drivers/STM32G0xx_HAL_Driver/Src/stm32g0xx_hal_tim.o
                0x0000000008006e60                HAL_TIM_Base_Init
 .text.HAL_TIM_Base_Start
                0x0000000008006f10       0xb4 ./Drivers/STM32G0xx_HAL_Driver/Src/stm32g0xx_hal_tim.o
                0x0000000008006f10                HAL_TIM_Base_Start
 .text.HAL_TIM_ConfigClockSource
                0x0000000008006fc4      0x1ac ./Drivers/STM32G0xx_HAL_Driver/Src/stm32g0xx_hal_tim.o
                0x0000000008006fc4                HAL_TIM_ConfigClockSource
 .text.TIM_Base_SetConfig
                0x0000000008007170      0x114 ./Drivers/STM32G0xx_HAL_Driver/Src/stm32g0xx_hal_tim.o
                0x0000000008007170                TIM_Base_SetConfig
 .text.TIM_TI1_ConfigInputStage
                0x0000000008007284       0x5c ./Drivers/STM32G0xx_HAL_Driver/Src/stm32g0xx_hal_tim.o
 .text.TIM_TI2_ConfigInputStage
                0x00000000080072e0       0x64 ./Drivers/STM32G0xx_HAL_Driver/Src/stm32g0xx_hal_tim.o
 .text.TIM_ITRx_SetConfig
                0x0000000008007344       0x38 ./Drivers/STM32G0xx_HAL_Driver/Src/stm32g0xx_hal_tim.o
 .text.TIM_ETR_SetConfig
                0x000000000800737c       0x40 ./Drivers/STM32G0xx_HAL_Driver/Src/stm32g0xx_hal_tim.o
                0x000000000800737c                TIM_ETR_SetConfig
 .text.HAL_TIMEx_MasterConfigSynchronization
                0x00000000080073bc       0xec ./Drivers/STM32G0xx_HAL_Driver/Src/stm32g0xx_hal_tim_ex.o
                0x00000000080073bc                HAL_TIMEx_MasterConfigSynchronization
 .text.HAL_UART_Init
                0x00000000080074a8       0xac ./Drivers/STM32G0xx_HAL_Driver/Src/stm32g0xx_hal_uart.o
                0x00000000080074a8                HAL_UART_Init
 .text.HAL_UART_Transmit
                0x0000000008007554      0x138 ./Drivers/STM32G0xx_HAL_Driver/Src/stm32g0xx_hal_uart.o
                0x0000000008007554                HAL_UART_Transmit
 .text.UART_SetConfig
                0x000000000800768c      0x6ac ./Drivers/STM32G0xx_HAL_Driver/Src/stm32g0xx_hal_uart.o
                0x000000000800768c                UART_SetConfig
 .text.UART_AdvFeatureConfig
                0x0000000008007d38      0x168 ./Drivers/STM32G0xx_HAL_Driver/Src/stm32g0xx_hal_uart.o
                0x0000000008007d38                UART_AdvFeatureConfig
 .text.UART_CheckIdleState
                0x0000000008007ea0       0x9c ./Drivers/STM32G0xx_HAL_Driver/Src/stm32g0xx_hal_uart.o
                0x0000000008007ea0                UART_CheckIdleState
 .text.UART_WaitOnFlagUntilTimeout
                0x0000000008007f3c      0x190 ./Drivers/STM32G0xx_HAL_Driver/Src/stm32g0xx_hal_uart.o
                0x0000000008007f3c                UART_WaitOnFlagUntilTimeout
 .text.HAL_UARTEx_DisableFifoMode
                0x00000000080080cc       0x74 ./Drivers/STM32G0xx_HAL_Driver/Src/stm32g0xx_hal_uart_ex.o
                0x00000000080080cc                HAL_UARTEx_DisableFifoMode
 .text.HAL_UARTEx_SetTxFifoThreshold
                0x0000000008008140       0x7e ./Drivers/STM32G0xx_HAL_Driver/Src/stm32g0xx_hal_uart_ex.o
                0x0000000008008140                HAL_UARTEx_SetTxFifoThreshold
 *fill*         0x00000000080081be        0x2 
 .text.HAL_UARTEx_SetRxFifoThreshold
                0x00000000080081c0       0x84 ./Drivers/STM32G0xx_HAL_Driver/Src/stm32g0xx_hal_uart_ex.o
                0x00000000080081c0                HAL_UARTEx_SetRxFifoThreshold
 .text.UARTEx_SetNbDataToProcess
                0x0000000008008244       0xbc ./Drivers/STM32G0xx_HAL_Driver/Src/stm32g0xx_hal_uart_ex.o
 .text.aci_gap_init_IDB05A1
                0x0000000008008300       0xd6 ./Middlewares/ST/BlueNRG-MS/hci/controller/bluenrg_gap_aci.o
                0x0000000008008300                aci_gap_init_IDB05A1
 .text.aci_gap_set_discoverable
                0x00000000080083d6      0x236 ./Middlewares/ST/BlueNRG-MS/hci/controller/bluenrg_gap_aci.o
                0x00000000080083d6                aci_gap_set_discoverable
 .text.aci_gatt_init
                0x000000000800860c       0x4e ./Middlewares/ST/BlueNRG-MS/hci/controller/bluenrg_gatt_aci.o
                0x000000000800860c                aci_gatt_init
 .text.aci_gatt_add_serv
                0x000000000800865a      0x136 ./Middlewares/ST/BlueNRG-MS/hci/controller/bluenrg_gatt_aci.o
                0x000000000800865a                aci_gatt_add_serv
 .text.aci_gatt_add_char
                0x0000000008008790      0x1cc ./Middlewares/ST/BlueNRG-MS/hci/controller/bluenrg_gatt_aci.o
                0x0000000008008790                aci_gatt_add_char
 .text.aci_gatt_update_char_value
                0x000000000800895c      0x148 ./Middlewares/ST/BlueNRG-MS/hci/controller/bluenrg_gatt_aci.o
                0x000000000800895c                aci_gatt_update_char_value
 .text.aci_hal_write_config_data
                0x0000000008008aa4       0xd2 ./Middlewares/ST/BlueNRG-MS/hci/controller/bluenrg_hal_aci.o
                0x0000000008008aa4                aci_hal_write_config_data
 .text.hci_reset
                0x0000000008008b76       0x4c ./Middlewares/ST/BlueNRG-MS/hci/hci_le.o
                0x0000000008008b76                hci_reset
 .text.hci_le_set_scan_resp_data
                0x0000000008008bc2       0x98 ./Middlewares/ST/BlueNRG-MS/hci/hci_le.o
                0x0000000008008bc2                hci_le_set_scan_resp_data
 .text.verify_packet
                0x0000000008008c5a       0x3c ./Middlewares/ST/BlueNRG-MS/hci/hci_tl_patterns/Basic/hci_tl.o
 *fill*         0x0000000008008c96        0x2 
 .text.send_cmd
                0x0000000008008c98       0xa4 ./Middlewares/ST/BlueNRG-MS/hci/hci_tl_patterns/Basic/hci_tl.o
 .text.move_list
                0x0000000008008d3c       0x3c ./Middlewares/ST/BlueNRG-MS/hci/hci_tl_patterns/Basic/hci_tl.o
 .text.free_event_list
                0x0000000008008d78       0x40 ./Middlewares/ST/BlueNRG-MS/hci/hci_tl_patterns/Basic/hci_tl.o
 .text.hci_init
                0x0000000008008db8       0x98 ./Middlewares/ST/BlueNRG-MS/hci/hci_tl_patterns/Basic/hci_tl.o
                0x0000000008008db8                hci_init
 .text.hci_register_io_bus
                0x0000000008008e50       0x3c ./Middlewares/ST/BlueNRG-MS/hci/hci_tl_patterns/Basic/hci_tl.o
                0x0000000008008e50                hci_register_io_bus
 .text.hci_send_req
                0x0000000008008e8c      0x264 ./Middlewares/ST/BlueNRG-MS/hci/hci_tl_patterns/Basic/hci_tl.o
                0x0000000008008e8c                hci_send_req
 .text.hci_user_evt_proc
                0x00000000080090f0       0x5c ./Middlewares/ST/BlueNRG-MS/hci/hci_tl_patterns/Basic/hci_tl.o
                0x00000000080090f0                hci_user_evt_proc
 .text.hci_notify_asynch_evt
                0x000000000800914c       0xac ./Middlewares/ST/BlueNRG-MS/hci/hci_tl_patterns/Basic/hci_tl.o
                0x000000000800914c                hci_notify_asynch_evt
 .text.list_init_head
                0x00000000080091f8       0x1c ./Middlewares/ST/BlueNRG-MS/utils/ble_list.o
                0x00000000080091f8                list_init_head
 .text.list_is_empty
                0x0000000008009214       0x4c ./Middlewares/ST/BlueNRG-MS/utils/ble_list.o
                0x0000000008009214                list_is_empty
 .text.list_insert_head
                0x0000000008009260       0x48 ./Middlewares/ST/BlueNRG-MS/utils/ble_list.o
                0x0000000008009260                list_insert_head
 .text.list_insert_tail
                0x00000000080092a8       0x48 ./Middlewares/ST/BlueNRG-MS/utils/ble_list.o
                0x00000000080092a8                list_insert_tail
 .text.list_remove_node
                0x00000000080092f0       0x3e ./Middlewares/ST/BlueNRG-MS/utils/ble_list.o
                0x00000000080092f0                list_remove_node
 .text.list_remove_head
                0x000000000800932e       0x4e ./Middlewares/ST/BlueNRG-MS/utils/ble_list.o
                0x000000000800932e                list_remove_head
 .text.list_remove_tail
                0x000000000800937c       0x4e ./Middlewares/ST/BlueNRG-MS/utils/ble_list.o
                0x000000000800937c                list_remove_tail
 .text.list_get_size
                0x00000000080093ca       0x4c ./Middlewares/ST/BlueNRG-MS/utils/ble_list.o
                0x00000000080093ca                list_get_size
 .text.__aeabi_memclr
                0x0000000008009416        0xa c:/st/stm32cubeide_1.10.1/stm32cubeide/plugins/com.st.stm32cube.ide.mcu.externaltools.gnu-tools-for-stm32.10.3-2021.10.win32_1.0.200.202301161003/tools/bin/../lib/gcc/arm-none-eabi/10.3.1/../../../../arm-none-eabi/lib/thumb/v6-m/nofp\libc_nano.a(lib_a-aeabi_memclr.o)
                0x0000000008009416                __aeabi_memclr
                0x0000000008009416                __aeabi_memclr4
                0x0000000008009416                __aeabi_memclr8
 .text.__aeabi_memset
                0x0000000008009420        0xe c:/st/stm32cubeide_1.10.1/stm32cubeide/plugins/com.st.stm32cube.ide.mcu.externaltools.gnu-tools-for-stm32.10.3-2021.10.win32_1.0.200.202301161003/tools/bin/../lib/gcc/arm-none-eabi/10.3.1/../../../../arm-none-eabi/lib/thumb/v6-m/nofp\libc_nano.a(lib_a-aeabi_memset.o)
                0x0000000008009420                __aeabi_memset8
                0x0000000008009420                __aeabi_memset4
                0x0000000008009420                __aeabi_memset
 *fill*         0x000000000800942e        0x2 
 .text.__errno  0x0000000008009430        0xc c:/st/stm32cubeide_1.10.1/stm32cubeide/plugins/com.st.stm32cube.ide.mcu.externaltools.gnu-tools-for-stm32.10.3-2021.10.win32_1.0.200.202301161003/tools/bin/../lib/gcc/arm-none-eabi/10.3.1/../../../../arm-none-eabi/lib/thumb/v6-m/nofp\libc_nano.a(lib_a-errno.o)
                0x0000000008009430                __errno
 .text.__sflush_r
                0x000000000800943c      0x118 c:/st/stm32cubeide_1.10.1/stm32cubeide/plugins/com.st.stm32cube.ide.mcu.externaltools.gnu-tools-for-stm32.10.3-2021.10.win32_1.0.200.202301161003/tools/bin/../lib/gcc/arm-none-eabi/10.3.1/../../../../arm-none-eabi/lib/thumb/v6-m/nofp\libc_nano.a(lib_a-fflush.o)
                0x000000000800943c                __sflush_r
 .text._fflush_r
                0x0000000008009554       0x80 c:/st/stm32cubeide_1.10.1/stm32cubeide/plugins/com.st.stm32cube.ide.mcu.externaltools.gnu-tools-for-stm32.10.3-2021.10.win32_1.0.200.202301161003/tools/bin/../lib/gcc/arm-none-eabi/10.3.1/../../../../arm-none-eabi/lib/thumb/v6-m/nofp\libc_nano.a(lib_a-fflush.o)
                0x0000000008009554                _fflush_r
 .text.fflush   0x00000000080095d4       0x2c c:/st/stm32cubeide_1.10.1/stm32cubeide/plugins/com.st.stm32cube.ide.mcu.externaltools.gnu-tools-for-stm32.10.3-2021.10.win32_1.0.200.202301161003/tools/bin/../lib/gcc/arm-none-eabi/10.3.1/../../../../arm-none-eabi/lib/thumb/v6-m/nofp\libc_nano.a(lib_a-fflush.o)
                0x00000000080095d4                fflush
 .text.std      0x0000000008009600       0x48 c:/st/stm32cubeide_1.10.1/stm32cubeide/plugins/com.st.stm32cube.ide.mcu.externaltools.gnu-tools-for-stm32.10.3-2021.10.win32_1.0.200.202301161003/tools/bin/../lib/gcc/arm-none-eabi/10.3.1/../../../../arm-none-eabi/lib/thumb/v6-m/nofp\libc_nano.a(lib_a-findfp.o)
 .text._cleanup_r
                0x0000000008009648       0x10 c:/st/stm32cubeide_1.10.1/stm32cubeide/plugins/com.st.stm32cube.ide.mcu.externaltools.gnu-tools-for-stm32.10.3-2021.10.win32_1.0.200.202301161003/tools/bin/../lib/gcc/arm-none-eabi/10.3.1/../../../../arm-none-eabi/lib/thumb/v6-m/nofp\libc_nano.a(lib_a-findfp.o)
                0x0000000008009648                _cleanup_r
 .text.__sfmoreglue
                0x0000000008009658       0x2c c:/st/stm32cubeide_1.10.1/stm32cubeide/plugins/com.st.stm32cube.ide.mcu.externaltools.gnu-tools-for-stm32.10.3-2021.10.win32_1.0.200.202301161003/tools/bin/../lib/gcc/arm-none-eabi/10.3.1/../../../../arm-none-eabi/lib/thumb/v6-m/nofp\libc_nano.a(lib_a-findfp.o)
                0x0000000008009658                __sfmoreglue
 .text.__sfp_lock_acquire
                0x0000000008009684       0x10 c:/st/stm32cubeide_1.10.1/stm32cubeide/plugins/com.st.stm32cube.ide.mcu.externaltools.gnu-tools-for-stm32.10.3-2021.10.win32_1.0.200.202301161003/tools/bin/../lib/gcc/arm-none-eabi/10.3.1/../../../../arm-none-eabi/lib/thumb/v6-m/nofp\libc_nano.a(lib_a-findfp.o)
                0x0000000008009684                __sfp_lock_acquire
 .text.__sfp_lock_release
                0x0000000008009694       0x10 c:/st/stm32cubeide_1.10.1/stm32cubeide/plugins/com.st.stm32cube.ide.mcu.externaltools.gnu-tools-for-stm32.10.3-2021.10.win32_1.0.200.202301161003/tools/bin/../lib/gcc/arm-none-eabi/10.3.1/../../../../arm-none-eabi/lib/thumb/v6-m/nofp\libc_nano.a(lib_a-findfp.o)
                0x0000000008009694                __sfp_lock_release
 .text.__sinit_lock_acquire
                0x00000000080096a4       0x10 c:/st/stm32cubeide_1.10.1/stm32cubeide/plugins/com.st.stm32cube.ide.mcu.externaltools.gnu-tools-for-stm32.10.3-2021.10.win32_1.0.200.202301161003/tools/bin/../lib/gcc/arm-none-eabi/10.3.1/../../../../arm-none-eabi/lib/thumb/v6-m/nofp\libc_nano.a(lib_a-findfp.o)
                0x00000000080096a4                __sinit_lock_acquire
 .text.__sinit_lock_release
                0x00000000080096b4       0x10 c:/st/stm32cubeide_1.10.1/stm32cubeide/plugins/com.st.stm32cube.ide.mcu.externaltools.gnu-tools-for-stm32.10.3-2021.10.win32_1.0.200.202301161003/tools/bin/../lib/gcc/arm-none-eabi/10.3.1/../../../../arm-none-eabi/lib/thumb/v6-m/nofp\libc_nano.a(lib_a-findfp.o)
                0x00000000080096b4                __sinit_lock_release
 .text.__sinit  0x00000000080096c4       0x70 c:/st/stm32cubeide_1.10.1/stm32cubeide/plugins/com.st.stm32cube.ide.mcu.externaltools.gnu-tools-for-stm32.10.3-2021.10.win32_1.0.200.202301161003/tools/bin/../lib/gcc/arm-none-eabi/10.3.1/../../../../arm-none-eabi/lib/thumb/v6-m/nofp\libc_nano.a(lib_a-findfp.o)
                0x00000000080096c4                __sinit
 .text.__sfp    0x0000000008009734       0x90 c:/st/stm32cubeide_1.10.1/stm32cubeide/plugins/com.st.stm32cube.ide.mcu.externaltools.gnu-tools-for-stm32.10.3-2021.10.win32_1.0.200.202301161003/tools/bin/../lib/gcc/arm-none-eabi/10.3.1/../../../../arm-none-eabi/lib/thumb/v6-m/nofp\libc_nano.a(lib_a-findfp.o)
                0x0000000008009734                __sfp
 .text._fwalk_reent
                0x00000000080097c4       0x40 c:/st/stm32cubeide_1.10.1/stm32cubeide/plugins/com.st.stm32cube.ide.mcu.externaltools.gnu-tools-for-stm32.10.3-2021.10.win32_1.0.200.202301161003/tools/bin/../lib/gcc/arm-none-eabi/10.3.1/../../../../arm-none-eabi/lib/thumb/v6-m/nofp\libc_nano.a(lib_a-fwalk.o)
                0x00000000080097c4                _fwalk_reent
 .text.__libc_init_array
                0x0000000008009804       0x48 c:/st/stm32cubeide_1.10.1/stm32cubeide/plugins/com.st.stm32cube.ide.mcu.externaltools.gnu-tools-for-stm32.10.3-2021.10.win32_1.0.200.202301161003/tools/bin/../lib/gcc/arm-none-eabi/10.3.1/../../../../arm-none-eabi/lib/thumb/v6-m/nofp\libc_nano.a(lib_a-init.o)
                0x0000000008009804                __libc_init_array
 .text.__retarget_lock_init_recursive
                0x000000000800984c        0x2 c:/st/stm32cubeide_1.10.1/stm32cubeide/plugins/com.st.stm32cube.ide.mcu.externaltools.gnu-tools-for-stm32.10.3-2021.10.win32_1.0.200.202301161003/tools/bin/../lib/gcc/arm-none-eabi/10.3.1/../../../../arm-none-eabi/lib/thumb/v6-m/nofp\libc_nano.a(lib_a-lock.o)
                0x000000000800984c                __retarget_lock_init_recursive
 .text.__retarget_lock_acquire_recursive
                0x000000000800984e        0x2 c:/st/stm32cubeide_1.10.1/stm32cubeide/plugins/com.st.stm32cube.ide.mcu.externaltools.gnu-tools-for-stm32.10.3-2021.10.win32_1.0.200.202301161003/tools/bin/../lib/gcc/arm-none-eabi/10.3.1/../../../../arm-none-eabi/lib/thumb/v6-m/nofp\libc_nano.a(lib_a-lock.o)
                0x000000000800984e                __retarget_lock_acquire_recursive
 .text.__retarget_lock_release_recursive
                0x0000000008009850        0x2 c:/st/stm32cubeide_1.10.1/stm32cubeide/plugins/com.st.stm32cube.ide.mcu.externaltools.gnu-tools-for-stm32.10.3-2021.10.win32_1.0.200.202301161003/tools/bin/../lib/gcc/arm-none-eabi/10.3.1/../../../../arm-none-eabi/lib/thumb/v6-m/nofp\libc_nano.a(lib_a-lock.o)
                0x0000000008009850                __retarget_lock_release_recursive
 .text.memcpy   0x0000000008009852       0x12 c:/st/stm32cubeide_1.10.1/stm32cubeide/plugins/com.st.stm32cube.ide.mcu.externaltools.gnu-tools-for-stm32.10.3-2021.10.win32_1.0.200.202301161003/tools/bin/../lib/gcc/arm-none-eabi/10.3.1/../../../../arm-none-eabi/lib/thumb/v6-m/nofp\libc_nano.a(lib_a-memcpy-stub.o)
                0x0000000008009852                memcpy
 .text.memset   0x0000000008009864       0x10 c:/st/stm32cubeide_1.10.1/stm32cubeide/plugins/com.st.stm32cube.ide.mcu.externaltools.gnu-tools-for-stm32.10.3-2021.10.win32_1.0.200.202301161003/tools/bin/../lib/gcc/arm-none-eabi/10.3.1/../../../../arm-none-eabi/lib/thumb/v6-m/nofp\libc_nano.a(lib_a-memset.o)
                0x0000000008009864                memset
 .text._free_r  0x0000000008009874       0x94 c:/st/stm32cubeide_1.10.1/stm32cubeide/plugins/com.st.stm32cube.ide.mcu.externaltools.gnu-tools-for-stm32.10.3-2021.10.win32_1.0.200.202301161003/tools/bin/../lib/gcc/arm-none-eabi/10.3.1/../../../../arm-none-eabi/lib/thumb/v6-m/nofp\libc_nano.a(lib_a-nano-freer.o)
                0x0000000008009874                _free_r
 .text.sbrk_aligned
                0x0000000008009908       0x44 c:/st/stm32cubeide_1.10.1/stm32cubeide/plugins/com.st.stm32cube.ide.mcu.externaltools.gnu-tools-for-stm32.10.3-2021.10.win32_1.0.200.202301161003/tools/bin/../lib/gcc/arm-none-eabi/10.3.1/../../../../arm-none-eabi/lib/thumb/v6-m/nofp\libc_nano.a(lib_a-nano-mallocr.o)
 .text._malloc_r
                0x000000000800994c       0xec c:/st/stm32cubeide_1.10.1/stm32cubeide/plugins/com.st.stm32cube.ide.mcu.externaltools.gnu-tools-for-stm32.10.3-2021.10.win32_1.0.200.202301161003/tools/bin/../lib/gcc/arm-none-eabi/10.3.1/../../../../arm-none-eabi/lib/thumb/v6-m/nofp\libc_nano.a(lib_a-nano-mallocr.o)
                0x000000000800994c                _malloc_r
 .text.printf   0x0000000008009a38       0x34 c:/st/stm32cubeide_1.10.1/stm32cubeide/plugins/com.st.stm32cube.ide.mcu.externaltools.gnu-tools-for-stm32.10.3-2021.10.win32_1.0.200.202301161003/tools/bin/../lib/gcc/arm-none-eabi/10.3.1/../../../../arm-none-eabi/lib/thumb/v6-m/nofp\libc_nano.a(lib_a-printf.o)
                0x0000000008009a38                iprintf
                0x0000000008009a38                printf
 .text._puts_r  0x0000000008009a6c       0xe4 c:/st/stm32cubeide_1.10.1/stm32cubeide/plugins/com.st.stm32cube.ide.mcu.externaltools.gnu-tools-for-stm32.10.3-2021.10.win32_1.0.200.202301161003/tools/bin/../lib/gcc/arm-none-eabi/10.3.1/../../../../arm-none-eabi/lib/thumb/v6-m/nofp\libc_nano.a(lib_a-puts.o)
                0x0000000008009a6c                _puts_r
 .text.puts     0x0000000008009b50       0x14 c:/st/stm32cubeide_1.10.1/stm32cubeide/plugins/com.st.stm32cube.ide.mcu.externaltools.gnu-tools-for-stm32.10.3-2021.10.win32_1.0.200.202301161003/tools/bin/../lib/gcc/arm-none-eabi/10.3.1/../../../../arm-none-eabi/lib/thumb/v6-m/nofp\libc_nano.a(lib_a-puts.o)
                0x0000000008009b50                puts
 .text._sbrk_r  0x0000000008009b64       0x24 c:/st/stm32cubeide_1.10.1/stm32cubeide/plugins/com.st.stm32cube.ide.mcu.externaltools.gnu-tools-for-stm32.10.3-2021.10.win32_1.0.200.202301161003/tools/bin/../lib/gcc/arm-none-eabi/10.3.1/../../../../arm-none-eabi/lib/thumb/v6-m/nofp\libc_nano.a(lib_a-sbrkr.o)
                0x0000000008009b64                _sbrk_r
 .text.__sread  0x0000000008009b88       0x28 c:/st/stm32cubeide_1.10.1/stm32cubeide/plugins/com.st.stm32cube.ide.mcu.externaltools.gnu-tools-for-stm32.10.3-2021.10.win32_1.0.200.202301161003/tools/bin/../lib/gcc/arm-none-eabi/10.3.1/../../../../arm-none-eabi/lib/thumb/v6-m/nofp\libc_nano.a(lib_a-stdio.o)
                0x0000000008009b88                __sread
 .text.__swrite
                0x0000000008009bb0       0x38 c:/st/stm32cubeide_1.10.1/stm32cubeide/plugins/com.st.stm32cube.ide.mcu.externaltools.gnu-tools-for-stm32.10.3-2021.10.win32_1.0.200.202301161003/tools/bin/../lib/gcc/arm-none-eabi/10.3.1/../../../../arm-none-eabi/lib/thumb/v6-m/nofp\libc_nano.a(lib_a-stdio.o)
                0x0000000008009bb0                __swrite
 .text.__sseek  0x0000000008009be8       0x2c c:/st/stm32cubeide_1.10.1/stm32cubeide/plugins/com.st.stm32cube.ide.mcu.externaltools.gnu-tools-for-stm32.10.3-2021.10.win32_1.0.200.202301161003/tools/bin/../lib/gcc/arm-none-eabi/10.3.1/../../../../arm-none-eabi/lib/thumb/v6-m/nofp\libc_nano.a(lib_a-stdio.o)
                0x0000000008009be8                __sseek
 .text.__sclose
                0x0000000008009c14        0xc c:/st/stm32cubeide_1.10.1/stm32cubeide/plugins/com.st.stm32cube.ide.mcu.externaltools.gnu-tools-for-stm32.10.3-2021.10.win32_1.0.200.202301161003/tools/bin/../lib/gcc/arm-none-eabi/10.3.1/../../../../arm-none-eabi/lib/thumb/v6-m/nofp\libc_nano.a(lib_a-stdio.o)
                0x0000000008009c14                __sclose
 .text.__swbuf_r
                0x0000000008009c20       0xac c:/st/stm32cubeide_1.10.1/stm32cubeide/plugins/com.st.stm32cube.ide.mcu.externaltools.gnu-tools-for-stm32.10.3-2021.10.win32_1.0.200.202301161003/tools/bin/../lib/gcc/arm-none-eabi/10.3.1/../../../../arm-none-eabi/lib/thumb/v6-m/nofp\libc_nano.a(lib_a-wbuf.o)
                0x0000000008009c20                __swbuf_r
 .text._write_r
                0x0000000008009ccc       0x28 c:/st/stm32cubeide_1.10.1/stm32cubeide/plugins/com.st.stm32cube.ide.mcu.externaltools.gnu-tools-for-stm32.10.3-2021.10.win32_1.0.200.202301161003/tools/bin/../lib/gcc/arm-none-eabi/10.3.1/../../../../arm-none-eabi/lib/thumb/v6-m/nofp\libc_nano.a(lib_a-writer.o)
                0x0000000008009ccc                _write_r
 .text.__swsetup_r
                0x0000000008009cf4       0xf0 c:/st/stm32cubeide_1.10.1/stm32cubeide/plugins/com.st.stm32cube.ide.mcu.externaltools.gnu-tools-for-stm32.10.3-2021.10.win32_1.0.200.202301161003/tools/bin/../lib/gcc/arm-none-eabi/10.3.1/../../../../arm-none-eabi/lib/thumb/v6-m/nofp\libc_nano.a(lib_a-wsetup.o)
                0x0000000008009cf4                __swsetup_r
 .text._close_r
                0x0000000008009de4       0x24 c:/st/stm32cubeide_1.10.1/stm32cubeide/plugins/com.st.stm32cube.ide.mcu.externaltools.gnu-tools-for-stm32.10.3-2021.10.win32_1.0.200.202301161003/tools/bin/../lib/gcc/arm-none-eabi/10.3.1/../../../../arm-none-eabi/lib/thumb/v6-m/nofp\libc_nano.a(lib_a-closer.o)
                0x0000000008009de4                _close_r
 .text._lseek_r
                0x0000000008009e08       0x28 c:/st/stm32cubeide_1.10.1/stm32cubeide/plugins/com.st.stm32cube.ide.mcu.externaltools.gnu-tools-for-stm32.10.3-2021.10.win32_1.0.200.202301161003/tools/bin/../lib/gcc/arm-none-eabi/10.3.1/../../../../arm-none-eabi/lib/thumb/v6-m/nofp\libc_nano.a(lib_a-lseekr.o)
                0x0000000008009e08                _lseek_r
 .text.__swhatbuf_r
                0x0000000008009e30       0x50 c:/st/stm32cubeide_1.10.1/stm32cubeide/plugins/com.st.stm32cube.ide.mcu.externaltools.gnu-tools-for-stm32.10.3-2021.10.win32_1.0.200.202301161003/tools/bin/../lib/gcc/arm-none-eabi/10.3.1/../../../../arm-none-eabi/lib/thumb/v6-m/nofp\libc_nano.a(lib_a-makebuf.o)
                0x0000000008009e30                __swhatbuf_r
 .text.__smakebuf_r
                0x0000000008009e80       0x88 c:/st/stm32cubeide_1.10.1/stm32cubeide/plugins/com.st.stm32cube.ide.mcu.externaltools.gnu-tools-for-stm32.10.3-2021.10.win32_1.0.200.202301161003/tools/bin/../lib/gcc/arm-none-eabi/10.3.1/../../../../arm-none-eabi/lib/thumb/v6-m/nofp\libc_nano.a(lib_a-makebuf.o)
                0x0000000008009e80                __smakebuf_r
 .text.__malloc_lock
                0x0000000008009f08       0x10 c:/st/stm32cubeide_1.10.1/stm32cubeide/plugins/com.st.stm32cube.ide.mcu.externaltools.gnu-tools-for-stm32.10.3-2021.10.win32_1.0.200.202301161003/tools/bin/../lib/gcc/arm-none-eabi/10.3.1/../../../../arm-none-eabi/lib/thumb/v6-m/nofp\libc_nano.a(lib_a-mlock.o)
                0x0000000008009f08                __malloc_lock
 .text.__malloc_unlock
                0x0000000008009f18       0x10 c:/st/stm32cubeide_1.10.1/stm32cubeide/plugins/com.st.stm32cube.ide.mcu.externaltools.gnu-tools-for-stm32.10.3-2021.10.win32_1.0.200.202301161003/tools/bin/../lib/gcc/arm-none-eabi/10.3.1/../../../../arm-none-eabi/lib/thumb/v6-m/nofp\libc_nano.a(lib_a-mlock.o)
                0x0000000008009f18                __malloc_unlock
 .text.__sfputc_r
                0x0000000008009f28       0x2a c:/st/stm32cubeide_1.10.1/stm32cubeide/plugins/com.st.stm32cube.ide.mcu.externaltools.gnu-tools-for-stm32.10.3-2021.10.win32_1.0.200.202301161003/tools/bin/../lib/gcc/arm-none-eabi/10.3.1/../../../../arm-none-eabi/lib/thumb/v6-m/nofp\libc_nano.a(lib_a-nano-vfprintf.o)
 .text.__sfputs_r
                0x0000000008009f52       0x24 c:/st/stm32cubeide_1.10.1/stm32cubeide/plugins/com.st.stm32cube.ide.mcu.externaltools.gnu-tools-for-stm32.10.3-2021.10.win32_1.0.200.202301161003/tools/bin/../lib/gcc/arm-none-eabi/10.3.1/../../../../arm-none-eabi/lib/thumb/v6-m/nofp\libc_nano.a(lib_a-nano-vfprintf.o)
                0x0000000008009f52                __sfputs_r
 *fill*         0x0000000008009f76        0x2 
 .text._vfprintf_r
                0x0000000008009f78      0x274 c:/st/stm32cubeide_1.10.1/stm32cubeide/plugins/com.st.stm32cube.ide.mcu.externaltools.gnu-tools-for-stm32.10.3-2021.10.win32_1.0.200.202301161003/tools/bin/../lib/gcc/arm-none-eabi/10.3.1/../../../../arm-none-eabi/lib/thumb/v6-m/nofp\libc_nano.a(lib_a-nano-vfprintf.o)
                0x0000000008009f78                _vfprintf_r
                0x0000000008009f78                _vfiprintf_r
 .text._printf_common
                0x000000000800a1ec       0xde c:/st/stm32cubeide_1.10.1/stm32cubeide/plugins/com.st.stm32cube.ide.mcu.externaltools.gnu-tools-for-stm32.10.3-2021.10.win32_1.0.200.202301161003/tools/bin/../lib/gcc/arm-none-eabi/10.3.1/../../../../arm-none-eabi/lib/thumb/v6-m/nofp\libc_nano.a(lib_a-nano-vfprintf_i.o)
                0x000000000800a1ec                _printf_common
 *fill*         0x000000000800a2ca        0x2 
 .text._printf_i
                0x000000000800a2cc      0x224 c:/st/stm32cubeide_1.10.1/stm32cubeide/plugins/com.st.stm32cube.ide.mcu.externaltools.gnu-tools-for-stm32.10.3-2021.10.win32_1.0.200.202301161003/tools/bin/../lib/gcc/arm-none-eabi/10.3.1/../../../../arm-none-eabi/lib/thumb/v6-m/nofp\libc_nano.a(lib_a-nano-vfprintf_i.o)
                0x000000000800a2cc                _printf_i
 .text._read_r  0x000000000800a4f0       0x28 c:/st/stm32cubeide_1.10.1/stm32cubeide/plugins/com.st.stm32cube.ide.mcu.externaltools.gnu-tools-for-stm32.10.3-2021.10.win32_1.0.200.202301161003/tools/bin/../lib/gcc/arm-none-eabi/10.3.1/../../../../arm-none-eabi/lib/thumb/v6-m/nofp\libc_nano.a(lib_a-readr.o)
                0x000000000800a4f0                _read_r
 .text._fstat_r
                0x000000000800a518       0x24 c:/st/stm32cubeide_1.10.1/stm32cubeide/plugins/com.st.stm32cube.ide.mcu.externaltools.gnu-tools-for-stm32.10.3-2021.10.win32_1.0.200.202301161003/tools/bin/../lib/gcc/arm-none-eabi/10.3.1/../../../../arm-none-eabi/lib/thumb/v6-m/nofp\libc_nano.a(lib_a-fstatr.o)
                0x000000000800a518                _fstat_r
 .text._isatty_r
                0x000000000800a53c       0x24 c:/st/stm32cubeide_1.10.1/stm32cubeide/plugins/com.st.stm32cube.ide.mcu.externaltools.gnu-tools-for-stm32.10.3-2021.10.win32_1.0.200.202301161003/tools/bin/../lib/gcc/arm-none-eabi/10.3.1/../../../../arm-none-eabi/lib/thumb/v6-m/nofp\libc_nano.a(lib_a-isattyr.o)
                0x000000000800a53c                _isatty_r
 .text.memchr   0x000000000800a560       0x16 c:/st/stm32cubeide_1.10.1/stm32cubeide/plugins/com.st.stm32cube.ide.mcu.externaltools.gnu-tools-for-stm32.10.3-2021.10.win32_1.0.200.202301161003/tools/bin/../lib/gcc/arm-none-eabi/10.3.1/../../../../arm-none-eabi/lib/thumb/v6-m/nofp\libc_nano.a(lib_a-memchr-stub.o)
                0x000000000800a560                memchr
 *(.glue_7)
 .glue_7        0x000000000800a576        0x0 linker stubs
 *(.glue_7t)
 .glue_7t       0x000000000800a576        0x0 linker stubs
 *(.eh_frame)
 *fill*         0x000000000800a576        0x2 
 .eh_frame      0x000000000800a578        0x0 c:/st/stm32cubeide_1.10.1/stm32cubeide/plugins/com.st.stm32cube.ide.mcu.externaltools.gnu-tools-for-stm32.10.3-2021.10.win32_1.0.200.202301161003/tools/bin/../lib/gcc/arm-none-eabi/10.3.1/thumb/v6-m/nofp/crtbegin.o
 *(.init)
 .init          0x000000000800a578        0x4 c:/st/stm32cubeide_1.10.1/stm32cubeide/plugins/com.st.stm32cube.ide.mcu.externaltools.gnu-tools-for-stm32.10.3-2021.10.win32_1.0.200.202301161003/tools/bin/../lib/gcc/arm-none-eabi/10.3.1/thumb/v6-m/nofp/crti.o
                0x000000000800a578                _init
 .init          0x000000000800a57c        0x8 c:/st/stm32cubeide_1.10.1/stm32cubeide/plugins/com.st.stm32cube.ide.mcu.externaltools.gnu-tools-for-stm32.10.3-2021.10.win32_1.0.200.202301161003/tools/bin/../lib/gcc/arm-none-eabi/10.3.1/thumb/v6-m/nofp/crtn.o
 *(.fini)
 .fini          0x000000000800a584        0x4 c:/st/stm32cubeide_1.10.1/stm32cubeide/plugins/com.st.stm32cube.ide.mcu.externaltools.gnu-tools-for-stm32.10.3-2021.10.win32_1.0.200.202301161003/tools/bin/../lib/gcc/arm-none-eabi/10.3.1/thumb/v6-m/nofp/crti.o
                0x000000000800a584                _fini
 .fini          0x000000000800a588        0x8 c:/st/stm32cubeide_1.10.1/stm32cubeide/plugins/com.st.stm32cube.ide.mcu.externaltools.gnu-tools-for-stm32.10.3-2021.10.win32_1.0.200.202301161003/tools/bin/../lib/gcc/arm-none-eabi/10.3.1/thumb/v6-m/nofp/crtn.o
 .fini.__stub   0x000000000800a590       0x10 linker stubs
                0x000000000800a5a0                . = ALIGN (0x4)
                0x000000000800a5a0                _etext = .

.vfp11_veneer   0x000000000800a5a0        0x0
 .vfp11_veneer  0x000000000800a5a0        0x0 linker stubs

.v4_bx          0x000000000800a5a0        0x0
 .v4_bx         0x000000000800a5a0        0x0 linker stubs

.iplt           0x000000000800a5a0        0x0
 .iplt          0x000000000800a5a0        0x0 c:/st/stm32cubeide_1.10.1/stm32cubeide/plugins/com.st.stm32cube.ide.mcu.externaltools.gnu-tools-for-stm32.10.3-2021.10.win32_1.0.200.202301161003/tools/bin/../lib/gcc/arm-none-eabi/10.3.1/thumb/v6-m/nofp/crtbegin.o

.rodata         0x000000000800a5a0      0x940
                0x000000000800a5a0                . = ALIGN (0x4)
 *(.rodata)
 .rodata        0x000000000800a5a0        0xd ./BlueNRG-MS/Target/hci_tl_interface.o
 *fill*         0x000000000800a5ad        0x3 
 .rodata        0x000000000800a5b0       0xd9 ./Core/Src/app_bluenrg.o
 *fill*         0x000000000800a689        0x3 
 .rodata        0x000000000800a68c       0x1d ./Core/Src/flash_manager.o
 *fill*         0x000000000800a6a9        0x3 
 .rodata        0x000000000800a6ac       0x73 ./Core/Src/main.o
 *fill*         0x000000000800a71f        0x1 
 .rodata        0x000000000800a720      0x1ed ./Core/Src/message_handler.o
 *fill*         0x000000000800a90d        0x3 
 .rodata        0x000000000800a910      0x1ca ./Core/Src/service.o
 *fill*         0x000000000800aada        0x2 
 .rodata        0x000000000800aadc        0x8 C:\Users\Francesco Olivieri\Documents\ST-Libraries\STM32CubeExpansion_Crypto_V4.1.0\Middlewares\ST\STM32_Cryptographic\lib\libSTM32Cryptographic_CM0_CM0PLUS.a(cmox_gcm_fast_aesfast_decrypt.c.o)
 .rodata        0x000000000800aae4        0x4 C:\Users\Francesco Olivieri\Documents\ST-Libraries\STM32CubeExpansion_Crypto_V4.1.0\Middlewares\ST\STM32_Cryptographic\lib\libSTM32Cryptographic_CM0_CM0PLUS.a(cmox_gcm_fast_aesfast_decrypt.c.o)
                0x000000000800aae4                CMOX_AESFAST_GCMFAST_DEC_ALGO
 .rodata        0x000000000800aae8        0x8 C:\Users\Francesco Olivieri\Documents\ST-Libraries\STM32CubeExpansion_Crypto_V4.1.0\Middlewares\ST\STM32_Cryptographic\lib\libSTM32Cryptographic_CM0_CM0PLUS.a(cmox_gcm_fast_aesfast_encrypt.c.o)
 .rodata        0x000000000800aaf0        0x4 C:\Users\Francesco Olivieri\Documents\ST-Libraries\STM32CubeExpansion_Crypto_V4.1.0\Middlewares\ST\STM32_Cryptographic\lib\libSTM32Cryptographic_CM0_CM0PLUS.a(cmox_gcm_fast_aesfast_encrypt.c.o)
                0x000000000800aaf0                CMOX_AESFAST_GCMFAST_ENC_ALGO
 .rodata        0x000000000800aaf4      0x200 C:\Users\Francesco Olivieri\Documents\ST-Libraries\STM32CubeExpansion_Crypto_V4.1.0\Middlewares\ST\STM32_Cryptographic\lib\libSTM32Cryptographic_CM0_CM0PLUS.a(cmox_gcm_fast_common.c.o)
 .rodata        0x000000000800acf4        0x4 C:\Users\Francesco Olivieri\Documents\ST-Libraries\STM32CubeExpansion_Crypto_V4.1.0\Middlewares\ST\STM32_Cryptographic\lib\libSTM32Cryptographic_CM0_CM0PLUS.a(cmox_gcm_fast_common.c.o)
 .rodata        0x000000000800acf8        0x4 C:\Users\Francesco Olivieri\Documents\ST-Libraries\STM32CubeExpansion_Crypto_V4.1.0\Middlewares\ST\STM32_Cryptographic\lib\libSTM32Cryptographic_CM0_CM0PLUS.a(cmox_gcm_fast_common.c.o)
                0x000000000800acf8                CMOX_GFMULFAST
 .rodata        0x000000000800acfc       0x2c C:\Users\Francesco Olivieri\Documents\ST-Libraries\STM32CubeExpansion_Crypto_V4.1.0\Middlewares\ST\STM32_Cryptographic\lib\libSTM32Cryptographic_CM0_CM0PLUS.a(cmox_gcm_fast_decrypt.c.o)
 .rodata        0x000000000800ad28       0x2c C:\Users\Francesco Olivieri\Documents\ST-Libraries\STM32CubeExpansion_Crypto_V4.1.0\Middlewares\ST\STM32_Cryptographic\lib\libSTM32Cryptographic_CM0_CM0PLUS.a(cmox_gcm_fast_encrypt.c.o)
 .rodata        0x000000000800ad54        0x8 C:\Users\Francesco Olivieri\Documents\ST-Libraries\STM32CubeExpansion_Crypto_V4.1.0\Middlewares\ST\STM32_Cryptographic\lib\libSTM32Cryptographic_CM0_CM0PLUS.a(cmox_init.c.o)
                0x000000000800ad54                cmox_table
 .rodata        0x000000000800ad5c        0x8 C:\Users\Francesco Olivieri\Documents\ST-Libraries\STM32CubeExpansion_Crypto_V4.1.0\Middlewares\ST\STM32_Cryptographic\lib\libSTM32Cryptographic_CM0_CM0PLUS.a(cmox_aesfast_encrypt.c.o)
 .rodata        0x000000000800ad64        0x4 C:\Users\Francesco Olivieri\Documents\ST-Libraries\STM32CubeExpansion_Crypto_V4.1.0\Middlewares\ST\STM32_Cryptographic\lib\libSTM32Cryptographic_CM0_CM0PLUS.a(cmox_aesfast_encrypt.c.o)
                0x000000000800ad64                CMOX_AESFAST_ENCRYPT_VTABLE
 .rodata        0x000000000800ad68        0xc C:\Users\Francesco Olivieri\Documents\ST-Libraries\STM32CubeExpansion_Crypto_V4.1.0\Middlewares\ST\STM32_Cryptographic\lib\libSTM32Cryptographic_CM0_CM0PLUS.a(cmox_utils_compare.c.o)
 .rodata        0x000000000800ad74        0x4 C:\Users\Francesco Olivieri\Documents\ST-Libraries\STM32CubeExpansion_Crypto_V4.1.0\Middlewares\ST\STM32_Cryptographic\lib\libSTM32Cryptographic_CM0_CM0PLUS.a(cmox_utils_compare.c.o)
                0x000000000800ad74                cmox_utils_robustCmp_bt_bw_be
 .rodata        0x000000000800ad78       0x28 C:\Users\Francesco Olivieri\Documents\ST-Libraries\STM32CubeExpansion_Crypto_V4.1.0\Middlewares\ST\STM32_Cryptographic\lib\libSTM32Cryptographic_CM0_CM0PLUS.a(cmox_aes_common.c.o)
 *(.rodata*)
 .rodata.Key    0x000000000800ada0       0x20 ./Core/Src/message_handler.o
                0x000000000800ada0                Key
 .rodata.AHBPrescTable
                0x000000000800adc0       0x40 ./Core/Src/system_stm32g0xx.o
                0x000000000800adc0                AHBPrescTable
 .rodata.APBPrescTable
                0x000000000800ae00       0x20 ./Core/Src/system_stm32g0xx.o
                0x000000000800ae00                APBPrescTable
 .rodata.UARTPrescTable
                0x000000000800ae20       0x18 ./Drivers/STM32G0xx_HAL_Driver/Src/stm32g0xx_hal_uart.o
                0x000000000800ae20                UARTPrescTable
 .rodata.numerator.1
                0x000000000800ae38        0x8 ./Drivers/STM32G0xx_HAL_Driver/Src/stm32g0xx_hal_uart_ex.o
 .rodata.denominator.0
                0x000000000800ae40        0x8 ./Drivers/STM32G0xx_HAL_Driver/Src/stm32g0xx_hal_uart_ex.o
 .rodata.__sf_fake_stderr
                0x000000000800ae48       0x20 c:/st/stm32cubeide_1.10.1/stm32cubeide/plugins/com.st.stm32cube.ide.mcu.externaltools.gnu-tools-for-stm32.10.3-2021.10.win32_1.0.200.202301161003/tools/bin/../lib/gcc/arm-none-eabi/10.3.1/../../../../arm-none-eabi/lib/thumb/v6-m/nofp\libc_nano.a(lib_a-findfp.o)
                0x000000000800ae48                __sf_fake_stderr
 .rodata.__sf_fake_stdin
                0x000000000800ae68       0x20 c:/st/stm32cubeide_1.10.1/stm32cubeide/plugins/com.st.stm32cube.ide.mcu.externaltools.gnu-tools-for-stm32.10.3-2021.10.win32_1.0.200.202301161003/tools/bin/../lib/gcc/arm-none-eabi/10.3.1/../../../../arm-none-eabi/lib/thumb/v6-m/nofp\libc_nano.a(lib_a-findfp.o)
                0x000000000800ae68                __sf_fake_stdin
 .rodata.__sf_fake_stdout
                0x000000000800ae88       0x20 c:/st/stm32cubeide_1.10.1/stm32cubeide/plugins/com.st.stm32cube.ide.mcu.externaltools.gnu-tools-for-stm32.10.3-2021.10.win32_1.0.200.202301161003/tools/bin/../lib/gcc/arm-none-eabi/10.3.1/../../../../arm-none-eabi/lib/thumb/v6-m/nofp\libc_nano.a(lib_a-findfp.o)
                0x000000000800ae88                __sf_fake_stdout
 .rodata._global_impure_ptr
                0x000000000800aea8        0x4 c:/st/stm32cubeide_1.10.1/stm32cubeide/plugins/com.st.stm32cube.ide.mcu.externaltools.gnu-tools-for-stm32.10.3-2021.10.win32_1.0.200.202301161003/tools/bin/../lib/gcc/arm-none-eabi/10.3.1/../../../../arm-none-eabi/lib/thumb/v6-m/nofp\libc_nano.a(lib_a-impure.o)
                0x000000000800aea8                _global_impure_ptr
 .rodata._vfprintf_r.str1.1
                0x000000000800aeac       0x11 c:/st/stm32cubeide_1.10.1/stm32cubeide/plugins/com.st.stm32cube.ide.mcu.externaltools.gnu-tools-for-stm32.10.3-2021.10.win32_1.0.200.202301161003/tools/bin/../lib/gcc/arm-none-eabi/10.3.1/../../../../arm-none-eabi/lib/thumb/v6-m/nofp\libc_nano.a(lib_a-nano-vfprintf.o)
 .rodata._printf_i.str1.1
                0x000000000800aebd       0x22 c:/st/stm32cubeide_1.10.1/stm32cubeide/plugins/com.st.stm32cube.ide.mcu.externaltools.gnu-tools-for-stm32.10.3-2021.10.win32_1.0.200.202301161003/tools/bin/../lib/gcc/arm-none-eabi/10.3.1/../../../../arm-none-eabi/lib/thumb/v6-m/nofp\libc_nano.a(lib_a-nano-vfprintf_i.o)
                0x000000000800aee0                . = ALIGN (0x4)
 *fill*         0x000000000800aedf        0x1 

CMOX_CTA_PROTECTED_DATA
                0x000000000800aee0      0x500
 CMOX_CTA_PROTECTED_DATA
                0x000000000800aee0      0x400 C:\Users\Francesco Olivieri\Documents\ST-Libraries\STM32CubeExpansion_Crypto_V4.1.0\Middlewares\ST\STM32_Cryptographic\lib\libSTM32Cryptographic_CM0_CM0PLUS.a(cmox_aesfast_encrypt.c.o)
                0x000000000800aee0                CMOX_AES_ENC_TABLE
 CMOX_CTA_PROTECTED_DATA
                0x000000000800b2e0      0x100 C:\Users\Francesco Olivieri\Documents\ST-Libraries\STM32CubeExpansion_Crypto_V4.1.0\Middlewares\ST\STM32_Cryptographic\lib\libSTM32Cryptographic_CM0_CM0PLUS.a(cmox_aes_common.c.o)
                0x000000000800b2e0                CMOX_AES_SBOX

.ARM.extab      0x000000000800b3e0        0x0
                0x000000000800b3e0                . = ALIGN (0x4)
 *(.ARM.extab* .gnu.linkonce.armextab.*)
                0x000000000800b3e0                . = ALIGN (0x4)

.ARM            0x000000000800b3e0        0x8
                0x000000000800b3e0                . = ALIGN (0x4)
                0x000000000800b3e0                __exidx_start = .
 *(.ARM.exidx*)
 .ARM.exidx     0x000000000800b3e0        0x8 c:/st/stm32cubeide_1.10.1/stm32cubeide/plugins/com.st.stm32cube.ide.mcu.externaltools.gnu-tools-for-stm32.10.3-2021.10.win32_1.0.200.202301161003/tools/bin/../lib/gcc/arm-none-eabi/10.3.1/thumb/v6-m/nofp\libgcc.a(_udivmoddi4.o)
                0x000000000800b3e8                __exidx_end = .
                0x000000000800b3e8                . = ALIGN (0x4)

.rel.dyn        0x000000000800b3e8        0x0
 .rel.iplt      0x000000000800b3e8        0x0 c:/st/stm32cubeide_1.10.1/stm32cubeide/plugins/com.st.stm32cube.ide.mcu.externaltools.gnu-tools-for-stm32.10.3-2021.10.win32_1.0.200.202301161003/tools/bin/../lib/gcc/arm-none-eabi/10.3.1/thumb/v6-m/nofp/crtbegin.o

.preinit_array  0x000000000800b3e8        0x0
                0x000000000800b3e8                . = ALIGN (0x4)
                0x000000000800b3e8                PROVIDE (__preinit_array_start = .)
 *(.preinit_array*)
                0x000000000800b3e8                PROVIDE (__preinit_array_end = .)
                0x000000000800b3e8                . = ALIGN (0x4)

.init_array     0x000000000800b3e8        0x4
                0x000000000800b3e8                . = ALIGN (0x4)
                0x000000000800b3e8                PROVIDE (__init_array_start = .)
 *(SORT_BY_NAME(.init_array.*))
 *(.init_array*)
 .init_array    0x000000000800b3e8        0x4 c:/st/stm32cubeide_1.10.1/stm32cubeide/plugins/com.st.stm32cube.ide.mcu.externaltools.gnu-tools-for-stm32.10.3-2021.10.win32_1.0.200.202301161003/tools/bin/../lib/gcc/arm-none-eabi/10.3.1/thumb/v6-m/nofp/crtbegin.o
                0x000000000800b3ec                PROVIDE (__init_array_end = .)
                0x000000000800b3ec                . = ALIGN (0x4)

.fini_array     0x000000000800b3ec        0x4
                0x000000000800b3ec                . = ALIGN (0x4)
                [!provide]                        PROVIDE (__fini_array_start = .)
 *(SORT_BY_NAME(.fini_array.*))
 *(.fini_array*)
 .fini_array    0x000000000800b3ec        0x4 c:/st/stm32cubeide_1.10.1/stm32cubeide/plugins/com.st.stm32cube.ide.mcu.externaltools.gnu-tools-for-stm32.10.3-2021.10.win32_1.0.200.202301161003/tools/bin/../lib/gcc/arm-none-eabi/10.3.1/thumb/v6-m/nofp/crtbegin.o
                [!provide]                        PROVIDE (__fini_array_end = .)
                0x000000000800b3f0                . = ALIGN (0x4)
                0x000000000800b3f0                _sidata = LOADADDR (.data)

.data           0x0000000020000000      0x148 load address 0x000000000800b3f0
                0x0000000020000000                . = ALIGN (0x4)
                0x0000000020000000                _sdata = .
 *(.data)
 *(.data*)
 .data.SERVER_BDADDRR
                0x0000000020000000        0x6 ./Core/Src/app_bluenrg.o
                0x0000000020000000                SERVER_BDADDRR
 *fill*         0x0000000020000006        0x2 
 .data.StartPageAddress
                0x0000000020000008        0x4 ./Core/Src/flash_manager.o
                0x0000000020000008                StartPageAddress
 .data.consd    0x000000002000000c        0x2 ./Core/Src/message_handler.o
                0x000000002000000c                consd
 .data.next_ack
                0x000000002000000e        0x1 ./Core/Src/message_handler.o
                0x000000002000000e                next_ack
 *fill*         0x000000002000000f        0x1 
 .data.IV       0x0000000020000010        0xc ./Core/Src/message_handler.o
                0x0000000020000010                IV
 .data.CHAT_SERVICE_UUID
                0x000000002000001c       0x10 ./Core/Src/service.o
                0x000000002000001c                CHAT_SERVICE_UUID
 .data.RX_CHAR_UUID
                0x000000002000002c       0x10 ./Core/Src/service.o
                0x000000002000002c                RX_CHAR_UUID
 .data.TX_CHAR_UUID
                0x000000002000003c       0x10 ./Core/Src/service.o
                0x000000002000003c                TX_CHAR_UUID
 .data.set_connectable
                0x000000002000004c        0x1 ./Core/Src/service.o
                0x000000002000004c                set_connectable
 *fill*         0x000000002000004d        0x3 
 .data.SystemCoreClock
                0x0000000020000050        0x4 ./Core/Src/system_stm32g0xx.o
                0x0000000020000050                SystemCoreClock
 .data.uwTickPrio
                0x0000000020000054        0x4 ./Drivers/STM32G0xx_HAL_Driver/Src/stm32g0xx_hal.o
                0x0000000020000054                uwTickPrio
 .data.uwTickFreq
                0x0000000020000058        0x1 ./Drivers/STM32G0xx_HAL_Driver/Src/stm32g0xx_hal.o
                0x0000000020000058                uwTickFreq
 *fill*         0x0000000020000059        0x3 
 .data._impure_ptr
                0x000000002000005c        0x4 c:/st/stm32cubeide_1.10.1/stm32cubeide/plugins/com.st.stm32cube.ide.mcu.externaltools.gnu-tools-for-stm32.10.3-2021.10.win32_1.0.200.202301161003/tools/bin/../lib/gcc/arm-none-eabi/10.3.1/../../../../arm-none-eabi/lib/thumb/v6-m/nofp\libc_nano.a(lib_a-impure.o)
                0x000000002000005c                _impure_ptr
 .data.impure_data
                0x0000000020000060       0x60 c:/st/stm32cubeide_1.10.1/stm32cubeide/plugins/com.st.stm32cube.ide.mcu.externaltools.gnu-tools-for-stm32.10.3-2021.10.win32_1.0.200.202301161003/tools/bin/../lib/gcc/arm-none-eabi/10.3.1/../../../../arm-none-eabi/lib/thumb/v6-m/nofp\libc_nano.a(lib_a-impure.o)
 *(.RamFunc)
 .RamFunc       0x00000000200000c0       0x88 ./Drivers/STM32G0xx_HAL_Driver/Src/stm32g0xx_hal_flash.o
 *(.RamFunc*)
                0x0000000020000148                . = ALIGN (0x4)
                0x0000000020000148                _edata = .

.igot.plt       0x0000000020000148        0x0 load address 0x000000000800b538
 .igot.plt      0x0000000020000148        0x0 c:/st/stm32cubeide_1.10.1/stm32cubeide/plugins/com.st.stm32cube.ide.mcu.externaltools.gnu-tools-for-stm32.10.3-2021.10.win32_1.0.200.202301161003/tools/bin/../lib/gcc/arm-none-eabi/10.3.1/thumb/v6-m/nofp/crtbegin.o
                0x0000000020000148                . = ALIGN (0x4)

.bss            0x0000000020000148      0x6dc load address 0x000000000800b538
                0x0000000020000148                _sbss = .
                0x0000000020000148                __bss_start__ = _sbss
 *(.bss)
 .bss           0x0000000020000148       0x1c c:/st/stm32cubeide_1.10.1/stm32cubeide/plugins/com.st.stm32cube.ide.mcu.externaltools.gnu-tools-for-stm32.10.3-2021.10.win32_1.0.200.202301161003/tools/bin/../lib/gcc/arm-none-eabi/10.3.1/thumb/v6-m/nofp/crtbegin.o
 .bss           0x0000000020000164        0x1 C:\Users\Francesco Olivieri\Documents\ST-Libraries\STM32CubeExpansion_Crypto_V4.1.0\Middlewares\ST\STM32_Cryptographic\lib\libSTM32Cryptographic_CM0_CM0PLUS.a(cmox_init.c.o)
                0x0000000020000164                cmox_init_ctxi
 *(.bss*)
 *fill*         0x0000000020000165        0x3 